Archive member included to satisfy reference by file (symbol)

C:/ST/STM32CubeIDE_1.11.2/STM32CubeIDE/plugins/com.st.stm32cube.ide.mcu.externaltools.gnu-tools-for-stm32.11.3.rel1.win32_1.1.100.202309141235/tools/bin/../lib/gcc/arm-none-eabi/11.3.1/../../../../arm-none-eabi/lib/thumb/v7-m/nofp\libc_nano.a(libc_a-exit.o)
                              C:/ST/STM32CubeIDE_1.11.2/STM32CubeIDE/plugins/com.st.stm32cube.ide.mcu.externaltools.gnu-tools-for-stm32.11.3.rel1.win32_1.1.100.202309141235/tools/bin/../lib/gcc/arm-none-eabi/11.3.1/../../../../arm-none-eabi/lib/thumb/v7-m/nofp/crt0.o (exit)
C:/ST/STM32CubeIDE_1.11.2/STM32CubeIDE/plugins/com.st.stm32cube.ide.mcu.externaltools.gnu-tools-for-stm32.11.3.rel1.win32_1.1.100.202309141235/tools/bin/../lib/gcc/arm-none-eabi/11.3.1/../../../../arm-none-eabi/lib/thumb/v7-m/nofp\libc_nano.a(libc_a-nano-vfprintf_float.o)
                              (_printf_float)
C:/ST/STM32CubeIDE_1.11.2/STM32CubeIDE/plugins/com.st.stm32cube.ide.mcu.externaltools.gnu-tools-for-stm32.11.3.rel1.win32_1.1.100.202309141235/tools/bin/../lib/gcc/arm-none-eabi/11.3.1/../../../../arm-none-eabi/lib/thumb/v7-m/nofp\libc_nano.a(libc_a-nano-vfprintf_i.o)
                              C:/ST/STM32CubeIDE_1.11.2/STM32CubeIDE/plugins/com.st.stm32cube.ide.mcu.externaltools.gnu-tools-for-stm32.11.3.rel1.win32_1.1.100.202309141235/tools/bin/../lib/gcc/arm-none-eabi/11.3.1/../../../../arm-none-eabi/lib/thumb/v7-m/nofp\libc_nano.a(libc_a-nano-vfprintf_float.o) (_printf_common)
C:/ST/STM32CubeIDE_1.11.2/STM32CubeIDE/plugins/com.st.stm32cube.ide.mcu.externaltools.gnu-tools-for-stm32.11.3.rel1.win32_1.1.100.202309141235/tools/bin/../lib/gcc/arm-none-eabi/11.3.1/../../../../arm-none-eabi/lib/thumb/v7-m/nofp\libc_nano.a(libc_a-findfp.o)
                              ./Middlewares/Third_Party/FreeRTOS/Source/tasks.o (__sf)
C:/ST/STM32CubeIDE_1.11.2/STM32CubeIDE/plugins/com.st.stm32cube.ide.mcu.externaltools.gnu-tools-for-stm32.11.3.rel1.win32_1.1.100.202309141235/tools/bin/../lib/gcc/arm-none-eabi/11.3.1/../../../../arm-none-eabi/lib/thumb/v7-m/nofp\libc_nano.a(libc_a-fwalk.o)
                              C:/ST/STM32CubeIDE_1.11.2/STM32CubeIDE/plugins/com.st.stm32cube.ide.mcu.externaltools.gnu-tools-for-stm32.11.3.rel1.win32_1.1.100.202309141235/tools/bin/../lib/gcc/arm-none-eabi/11.3.1/../../../../arm-none-eabi/lib/thumb/v7-m/nofp\libc_nano.a(libc_a-findfp.o) (_fwalk_sglue)
C:/ST/STM32CubeIDE_1.11.2/STM32CubeIDE/plugins/com.st.stm32cube.ide.mcu.externaltools.gnu-tools-for-stm32.11.3.rel1.win32_1.1.100.202309141235/tools/bin/../lib/gcc/arm-none-eabi/11.3.1/../../../../arm-none-eabi/lib/thumb/v7-m/nofp\libc_nano.a(libc_a-sprintf.o)
                              ./Core/Src/RoboArm.o (sprintf)
C:/ST/STM32CubeIDE_1.11.2/STM32CubeIDE/plugins/com.st.stm32cube.ide.mcu.externaltools.gnu-tools-for-stm32.11.3.rel1.win32_1.1.100.202309141235/tools/bin/../lib/gcc/arm-none-eabi/11.3.1/../../../../arm-none-eabi/lib/thumb/v7-m/nofp\libc_nano.a(libc_a-stdio.o)
                              C:/ST/STM32CubeIDE_1.11.2/STM32CubeIDE/plugins/com.st.stm32cube.ide.mcu.externaltools.gnu-tools-for-stm32.11.3.rel1.win32_1.1.100.202309141235/tools/bin/../lib/gcc/arm-none-eabi/11.3.1/../../../../arm-none-eabi/lib/thumb/v7-m/nofp\libc_nano.a(libc_a-findfp.o) (__sread)
C:/ST/STM32CubeIDE_1.11.2/STM32CubeIDE/plugins/com.st.stm32cube.ide.mcu.externaltools.gnu-tools-for-stm32.11.3.rel1.win32_1.1.100.202309141235/tools/bin/../lib/gcc/arm-none-eabi/11.3.1/../../../../arm-none-eabi/lib/thumb/v7-m/nofp\libc_nano.a(libc_a-memset.o)
                              C:/ST/STM32CubeIDE_1.11.2/STM32CubeIDE/plugins/com.st.stm32cube.ide.mcu.externaltools.gnu-tools-for-stm32.11.3.rel1.win32_1.1.100.202309141235/tools/bin/../lib/gcc/arm-none-eabi/11.3.1/../../../../arm-none-eabi/lib/thumb/v7-m/nofp/crt0.o (memset)
C:/ST/STM32CubeIDE_1.11.2/STM32CubeIDE/plugins/com.st.stm32cube.ide.mcu.externaltools.gnu-tools-for-stm32.11.3.rel1.win32_1.1.100.202309141235/tools/bin/../lib/gcc/arm-none-eabi/11.3.1/../../../../arm-none-eabi/lib/thumb/v7-m/nofp\libc_nano.a(libc_a-localeconv.o)
                              C:/ST/STM32CubeIDE_1.11.2/STM32CubeIDE/plugins/com.st.stm32cube.ide.mcu.externaltools.gnu-tools-for-stm32.11.3.rel1.win32_1.1.100.202309141235/tools/bin/../lib/gcc/arm-none-eabi/11.3.1/../../../../arm-none-eabi/lib/thumb/v7-m/nofp\libc_nano.a(libc_a-nano-vfprintf_float.o) (_localeconv_r)
C:/ST/STM32CubeIDE_1.11.2/STM32CubeIDE/plugins/com.st.stm32cube.ide.mcu.externaltools.gnu-tools-for-stm32.11.3.rel1.win32_1.1.100.202309141235/tools/bin/../lib/gcc/arm-none-eabi/11.3.1/../../../../arm-none-eabi/lib/thumb/v7-m/nofp\libc_nano.a(libc_a-closer.o)
                              C:/ST/STM32CubeIDE_1.11.2/STM32CubeIDE/plugins/com.st.stm32cube.ide.mcu.externaltools.gnu-tools-for-stm32.11.3.rel1.win32_1.1.100.202309141235/tools/bin/../lib/gcc/arm-none-eabi/11.3.1/../../../../arm-none-eabi/lib/thumb/v7-m/nofp\libc_nano.a(libc_a-stdio.o) (_close_r)
[...]
Memory Configuration

Name             Origin             Length             Attributes
RAM              0x0000000020000000 0x0000000000005000 xrw
FLASH            0x0000000008000000 0x0000000000010000 xr
*default*        0x0000000000000000 0xffffffffffffffff

Linker script and memory map

LOAD C:/ST/STM32CubeIDE_1.11.2/STM32CubeIDE/plugins/com.st.stm32cube.ide.mcu.externaltools.gnu-tools-for-stm32.11.3.rel1.win32_1.1.100.202309141235/tools/bin/../lib/gcc/arm-none-eabi/11.3.1/thumb/v7-m/nofp/crti.o
LOAD C:/ST/STM32CubeIDE_1.11.2/STM32CubeIDE/plugins/com.st.stm32cube.ide.mcu.externaltools.gnu-tools-for-stm32.11.3.rel1.win32_1.1.100.202309141235/tools/bin/../lib/gcc/arm-none-eabi/11.3.1/thumb/v7-m/nofp/crtbegin.o
LOAD C:/ST/STM32CubeIDE_1.11.2/STM32CubeIDE/plugins/com.st.stm32cube.ide.mcu.externaltools.gnu-tools-for-stm32.11.3.rel1.win32_1.1.100.202309141235/tools/bin/../lib/gcc/arm-none-eabi/11.3.1/../../../../arm-none-eabi/lib/thumb/v7-m/nofp/crt0.o
LOAD ./Core/Src/AMT22.o
LOAD ./Core/Src/DWT_Delay.o
LOAD ./Core/Src/RoboArm.o
LOAD ./Core/Src/TMC2209.o
LOAD ./Core/Src/freertos.o
LOAD ./Core/Src/main.o
LOAD ./Core/Src/moveSettings.o
LOAD ./Core/Src/stm32f1xx_hal_msp.o
LOAD ./Core/Src/stm32f1xx_hal_timebase_tim.o
LOAD ./Core/Src/stm32f1xx_it.o
LOAD ./Core/Src/syscalls.o
LOAD ./Core/Src/sysmem.o
LOAD ./Core/Src/system_stm32f1xx.o
LOAD ./Core/Startup/startup_stm32f103c8tx.o
LOAD ./Drivers/STM32F1xx_HAL_Driver/Src/stm32f1xx_hal.o
LOAD ./Drivers/STM32F1xx_HAL_Driver/Src/stm32f1xx_hal_cortex.o
LOAD ./Drivers/STM32F1xx_HAL_Driver/Src/stm32f1xx_hal_dma.o
LOAD ./Drivers/STM32F1xx_HAL_Driver/Src/stm32f1xx_hal_exti.o
LOAD ./Drivers/STM32F1xx_HAL_Driver/Src/stm32f1xx_hal_flash.o
LOAD ./Drivers/STM32F1xx_HAL_Driver/Src/stm32f1xx_hal_flash_ex.o
LOAD ./Drivers/STM32F1xx_HAL_Driver/Src/stm32f1xx_hal_gpio.o
LOAD ./Drivers/STM32F1xx_HAL_Driver/Src/stm32f1xx_hal_gpio_ex.o
LOAD ./Drivers/STM32F1xx_HAL_Driver/Src/stm32f1xx_hal_pwr.o
LOAD ./Drivers/STM32F1xx_HAL_Driver/Src/stm32f1xx_hal_rcc.o
LOAD ./Drivers/STM32F1xx_HAL_Driver/Src/stm32f1xx_hal_rcc_ex.o
LOAD ./Drivers/STM32F1xx_HAL_Driver/Src/stm32f1xx_hal_spi.o
LOAD ./Drivers/STM32F1xx_HAL_Driver/Src/stm32f1xx_hal_tim.o
LOAD ./Drivers/STM32F1xx_HAL_Driver/Src/stm32f1xx_hal_tim_ex.o
LOAD ./Drivers/STM32F1xx_HAL_Driver/Src/stm32f1xx_hal_uart.o
LOAD ./Middlewares/Third_Party/FreeRTOS/Source/CMSIS_RTOS/cmsis_os.o
LOAD ./Middlewares/Third_Party/FreeRTOS/Source/croutine.o
LOAD ./Middlewares/Third_Party/FreeRTOS/Source/event_groups.o
LOAD ./Middlewares/Third_Party/FreeRTOS/Source/list.o
LOAD ./Middlewares/Third_Party/FreeRTOS/Source/queue.o
LOAD ./Middlewares/Third_Party/FreeRTOS/Source/stream_buffer.o
LOAD ./Middlewares/Third_Party/FreeRTOS/Source/tasks.o
LOAD ./Middlewares/Third_Party/FreeRTOS/Source/timers.o
LOAD ./Middlewares/Third_Party/FreeRTOS/Source/portable/GCC/ARM_CM3/port.o
LOAD ./Middlewares/Third_Party/FreeRTOS/Source/portable/MemMang/heap_4.o
START GROUP
LOAD C:/ST/STM32CubeIDE_1.11.2/STM32CubeIDE/plugins/com.st.stm32cube.ide.mcu.externaltools.gnu-tools-for-stm32.11.3.rel1.win32_1.1.100.202309141235/tools/bin/../lib/gcc/arm-none-eabi/11.3.1/../../../../arm-none-eabi/lib/thumb/v7-m/nofp\libstdc++_nano.a
LOAD C:/ST/STM32CubeIDE_1.11.2/STM32CubeIDE/plugins/com.st.stm32cube.ide.mcu.externaltools.gnu-tools-for-stm32.11.3.rel1.win32_1.1.100.202309141235/tools/bin/../lib/gcc/arm-none-eabi/11.3.1/../../../../arm-none-eabi/lib/thumb/v7-m/nofp\libsupc++_nano.a
END GROUP
LOAD C:/ST/STM32CubeIDE_1.11.2/STM32CubeIDE/plugins/com.st.stm32cube.ide.mcu.externaltools.gnu-tools-for-stm32.11.3.rel1.win32_1.1.100.202309141235/tools/bin/../lib/gcc/arm-none-eabi/11.3.1/../../../../arm-none-eabi/lib/thumb/v7-m/nofp\libstdc++_nano.a
LOAD C:/ST/STM32CubeIDE_1.11.2/STM32CubeIDE/plugins/com.st.stm32cube.ide.mcu.externaltools.gnu-tools-for-stm32.11.3.rel1.win32_1.1.100.202309141235/tools/bin/../lib/gcc/arm-none-eabi/11.3.1/../../../../arm-none-eabi/lib/thumb/v7-m/nofp\libm.a
LOAD C:/ST/STM32CubeIDE_1.11.2/STM32CubeIDE/plugins/com.st.stm32cube.ide.mcu.externaltools.gnu-tools-for-stm32.11.3.rel1.win32_1.1.100.202309141235/tools/bin/../lib/gcc/arm-none-eabi/11.3.1/../../../../arm-none-eabi/lib/thumb/v7-m/nofp\libc_nano.a
START GROUP
LOAD C:/ST/STM32CubeIDE_1.11.2/STM32CubeIDE/plugins/com.st.stm32cube.ide.mcu.externaltools.gnu-tools-for-stm32.11.3.rel1.win32_1.1.100.202309141235/tools/bin/../lib/gcc/arm-none-eabi/11.3.1/thumb/v7-m/nofp\libgcc.a
LOAD C:/ST/STM32CubeIDE_1.11.2/STM32CubeIDE/plugins/com.st.stm32cube.ide.mcu.externaltools.gnu-tools-for-stm32.11.3.rel1.win32_1.1.100.202309141235/tools/bin/../lib/gcc/arm-none-eabi/11.3.1/../../../../arm-none-eabi/lib/thumb/v7-m/nofp\libc_nano.a
END GROUP
START GROUP
LOAD C:/ST/STM32CubeIDE_1.11.2/STM32CubeIDE/plugins/com.st.stm32cube.ide.mcu.externaltools.gnu-tools-for-stm32.11.3.rel1.win32_1.1.100.202309141235/tools/bin/../lib/gcc/arm-none-eabi/11.3.1/thumb/v7-m/nofp\libgcc.a
LOAD C:/ST/STM32CubeIDE_1.11.2/STM32CubeIDE/plugins/com.st.stm32cube.ide.mcu.externaltools.gnu-tools-for-stm32.11.3.rel1.win32_1.1.100.202309141235/tools/bin/../lib/gcc/arm-none-eabi/11.3.1/../../../../arm-none-eabi/lib/thumb/v7-m/nofp\libc_nano.a
END GROUP
LOAD C:/ST/STM32CubeIDE_1.11.2/STM32CubeIDE/plugins/com.st.stm32cube.ide.mcu.externaltools.gnu-tools-for-stm32.11.3.rel1.win32_1.1.100.202309141235/tools/bin/../lib/gcc/arm-none-eabi/11.3.1/thumb/v7-m/nofp/crtend.o
LOAD C:/ST/STM32CubeIDE_1.11.2/STM32CubeIDE/plugins/com.st.stm32cube.ide.mcu.externaltools.gnu-tools-for-stm32.11.3.rel1.win32_1.1.100.202309141235/tools/bin/../lib/gcc/arm-none-eabi/11.3.1/thumb/v7-m/nofp/crtn.o
                0x0000000020005000                _estack = (ORIGIN (RAM) + LENGTH (RAM))
                0x0000000000000200                _Min_Heap_Size = 0x200
                0x0000000000000400                _Min_Stack_Size = 0x400

.isr_vector     0x0000000008000000      0x10c
                0x0000000008000000                . = ALIGN (0x4)
 *(.isr_vector)
 .isr_vector    0x0000000008000000      0x10c ./Core/Startup/startup_stm32f103c8tx.o
                0x0000000008000000                g_pfnVectors
                0x000000000800010c                . = ALIGN (0x4)

.text           0x0000000008000110     0xb6c0
                0x0000000008000110                . = ALIGN (0x4)
 *(.text)
 .text          0x0000000008000110       0x40 C:/ST/STM32CubeIDE_1.11.2/STM32CubeIDE/plugins/com.st.stm32cube.ide.mcu.externaltools.gnu-tools-for-stm32.11.3.rel1.win32_1.1.100.202309141235/tools/bin/../lib/gcc/arm-none-eabi/11.3.1/thumb/v7-m/nofp/crtbegin.o
 .text          0x0000000008000150       0x10 C:/ST/STM32CubeIDE_1.11.2/STM32CubeIDE/plugins/com.st.stm32cube.ide.mcu.externaltools.gnu-tools-for-stm32.11.3.rel1.win32_1.1.100.202309141235/tools/bin/../lib/gcc/arm-none-eabi/11.3.1/../../../../arm-none-eabi/lib/thumb/v7-m/nofp\libc_nano.a(libc_a-strlen.o)
                0x0000000008000150                strlen
 .text          0x0000000008000160      0x378 C:/ST/STM32CubeIDE_1.11.2/STM32CubeIDE/plugins/com.st.stm32cube.ide.mcu.externaltools.gnu-tools-for-stm32.11.3.rel1.win32_1.1.100.202309141235/tools/bin/../lib/gcc/arm-none-eabi/11.3.1/thumb/v7-m/nofp\libgcc.a(_arm_addsubdf3.o)
                0x0000000008000160                __aeabi_drsub
                0x0000000008000168                __aeabi_dsub
                0x0000000008000168                __subdf3
                0x000000000800016c                __aeabi_dadd
                0x000000000800016c                __adddf3
                0x00000000080003e4                __floatunsidf
                0x00000000080003e4                __aeabi_ui2d
                0x0000000008000404                __floatsidf
                0x0000000008000404                __aeabi_i2d
                0x0000000008000428                __aeabi_f2d
                0x0000000008000428                __extendsfdf2
                0x000000000800046c                __floatundidf
                0x000000000800046c                __aeabi_ul2d
                0x000000000800047c                __floatdidf
                0x000000000800047c                __aeabi_l2d
 .text          0x00000000080004d8      0x424 C:/ST/STM32CubeIDE_1.11.2/STM32CubeIDE/plugins/com.st.stm32cube.ide.mcu.externaltools.gnu-tools-for-stm32.11.3.rel1.win32_1.1.100.202309141235/tools/bin/../lib/gcc/arm-none-eabi/11.3.1/thumb/v7-m/nofp\libgcc.a(_arm_muldivdf3.o)
                0x00000000080004d8                __aeabi_dmul
                0x00000000080004d8                __muldf3
                0x000000000800072c                __divdf3
                0x000000000800072c                __aeabi_ddiv
 .text          0x00000000080008fc      0x110 C:/ST/STM32CubeIDE_1.11.2/STM32CubeIDE/plugins/com.st.stm32cube.ide.mcu.externaltools.gnu-tools-for-stm32.11.3.rel1.win32_1.1.100.202309141235/tools/bin/../lib/gcc/arm-none-eabi/11.3.1/thumb/v7-m/nofp\libgcc.a(_arm_cmpdf2.o)
                0x00000000080008fc                __gtdf2
                0x00000000080008fc                __gedf2
                0x0000000008000904                __ltdf2
                0x0000000008000904                __ledf2
                0x000000000800090c                __nedf2
                0x000000000800090c                __eqdf2
                0x000000000800090c                __cmpdf2
                0x0000000008000988                __aeabi_cdrcmple
                0x0000000008000998                __aeabi_cdcmpeq
                0x0000000008000998                __aeabi_cdcmple
                0x00000000080009a8                __aeabi_dcmpeq
                0x00000000080009bc                __aeabi_dcmplt
                0x00000000080009d0                __aeabi_dcmple
                0x00000000080009e4                __aeabi_dcmpge
                0x00000000080009f8                __aeabi_dcmpgt
 .text          0x0000000008000a0c       0x2c C:/ST/STM32CubeIDE_1.11.2/STM32CubeIDE/plugins/com.st.stm32cube.ide.mcu.externaltools.gnu-tools-for-stm32.11.3.rel1.win32_1.1.100.202309141235/tools/bin/../lib/gcc/arm-none-eabi/11.3.1/thumb/v7-m/nofp\libgcc.a(_arm_unorddf2.o)
                0x0000000008000a0c                __unorddf2
                0x0000000008000a0c                __aeabi_dcmpun
 .text          0x0000000008000a38       0x50 C:/ST/STM32CubeIDE_1.11.2/STM32CubeIDE/plugins/com.st.stm32cube.ide.mcu.externaltools.gnu-tools-for-stm32.11.3.rel1.win32_1.1.100.202309141235/tools/bin/../lib/gcc/arm-none-eabi/11.3.1/thumb/v7-m/nofp\libgcc.a(_arm_fixdfsi.o)
                0x0000000008000a38                __aeabi_d2iz
                0x0000000008000a38                __fixdfsi
 .text          0x0000000008000a88       0xa0 C:/ST/STM32CubeIDE_1.11.2/STM32CubeIDE/plugins/com.st.stm32cube.ide.mcu.externaltools.gnu-tools-for-stm32.11.3.rel1.win32_1.1.100.202309141235/tools/bin/../lib/gcc/arm-none-eabi/11.3.1/thumb/v7-m/nofp\libgcc.a(_arm_truncdfsf2.o)
                0x0000000008000a88                __truncdfsf2
                0x0000000008000a88                __aeabi_d2f
 .text          0x0000000008000b28      0x21c C:/ST/STM32CubeIDE_1.11.2/STM32CubeIDE/plugins/com.st.stm32cube.ide.mcu.externaltools.gnu-tools-for-stm32.11.3.rel1.win32_1.1.100.202309141235/tools/bin/../lib/gcc/arm-none-eabi/11.3.1/thumb/v7-m/nofp\libgcc.a(_arm_addsubsf3.o)
                0x0000000008000b28                __aeabi_frsub
                0x0000000008000b30                __subsf3
                0x0000000008000b30                __aeabi_fsub
                0x0000000008000b34                __aeabi_fadd
                0x0000000008000b34                __addsf3
                0x0000000008000c94                __aeabi_ui2f
                0x0000000008000c94                __floatunsisf
                0x0000000008000c9c                __aeabi_i2f
                0x0000000008000c9c                __floatsisf
                0x0000000008000cb8                __aeabi_ul2f
                0x0000000008000cb8                __floatundisf
                0x0000000008000cc8                __aeabi_l2f
                0x0000000008000cc8                __floatdisf
 .text          0x0000000008000d44      0x2a0 C:/ST/STM32CubeIDE_1.11.2/STM32CubeIDE/plugins/com.st.stm32cube.ide.mcu.externaltools.gnu-tools-for-stm32.11.3.rel1.win32_1.1.100.202309141235/tools/bin/../lib/gcc/arm-none-eabi/11.3.1/thumb/v7-m/nofp\libgcc.a(_arm_muldivsf3.o)
                0x0000000008000d44                __mulsf3
                0x0000000008000d44                __aeabi_fmul
                0x0000000008000eac                __aeabi_fdiv
                0x0000000008000eac                __divsf3
 .text          0x0000000008000fe4       0xec C:/ST/STM32CubeIDE_1.11.2/STM32CubeIDE/plugins/com.st.stm32cube.ide.mcu.externaltools.gnu-tools-for-stm32.11.3.rel1.win32_1.1.100.202309141235/tools/bin/../lib/gcc/arm-none-eabi/11.3.1/thumb/v7-m/nofp\libgcc.a(_arm_cmpsf2.o)
                0x0000000008000fe4                __gesf2
                0x0000000008000fe4                __gtsf2
                0x0000000008000fec                __lesf2
                0x0000000008000fec                __ltsf2
                0x0000000008000ff4                __nesf2
                0x0000000008000ff4                __eqsf2
                0x0000000008000ff4                __cmpsf2
                0x0000000008001054                __aeabi_cfrcmple
                0x000000000800105c                __aeabi_cfcmpeq
                0x000000000800105c                __aeabi_cfcmple
                0x000000000800106c                __aeabi_fcmpeq
                0x0000000008001080                __aeabi_fcmplt
                0x0000000008001094                __aeabi_fcmple
                0x00000000080010a8                __aeabi_fcmpge
                0x00000000080010bc                __aeabi_fcmpgt
 .text          0x00000000080010d0       0x40 C:/ST/STM32CubeIDE_1.11.2/STM32CubeIDE/plugins/com.st.stm32cube.ide.mcu.externaltools.gnu-tools-for-stm32.11.3.rel1.win32_1.1.100.202309141235/tools/bin/../lib/gcc/arm-none-eabi/11.3.1/thumb/v7-m/nofp\libgcc.a(_arm_fixunssfsi.o)
                0x00000000080010d0                __fixunssfsi
                0x00000000080010d0                __aeabi_f2uiz
 *(.text*)
 .text.setCSLine
                0x0000000008001110       0x24 ./Core/Src/AMT22.o
                0x0000000008001110                setCSLine
 .text.spiWriteRead
                0x0000000008001134       0x58 ./Core/Src/AMT22.o
                0x0000000008001134                spiWriteRead
 .text.getPositionSPI
                0x000000000800118c      0x11c ./Core/Src/AMT22.o
                0x000000000800118c                getPositionSPI
 .text.calculateAngle
                0x00000000080012a8       0xb4 ./Core/Src/AMT22.o
                0x00000000080012a8                calculateAngle
 .text.delay    0x000000000800135c       0x16 ./Core/Src/AMT22.o
                0x000000000800135c                delay
 .text.startDWT
                0x0000000008001372        0xe ./Core/Src/AMT22.o
                0x0000000008001372                startDWT
 .text.DWT_Delay_Init
                0x0000000008001380       0x60 ./Core/Src/DWT_Delay.o
                0x0000000008001380                DWT_Delay_Init
 .text.DWT_Delay_us
                0x00000000080013e0       0x50 ./Core/Src/DWT_Delay.o
                0x00000000080013e0                DWT_Delay_us
 .text._ZSt3absd
                0x0000000008001430       0x1e ./Core/Src/RoboArm.o
                0x0000000008001430                std::abs(double)
 .text._ZSt3absf
                0x000000000800144e       0x18 ./Core/Src/RoboArm.o
                0x000000000800144e                std::abs(float)
 *fill*         0x0000000008001466        0x2 
 .text._ZN7RoboArmC2Eff
                0x0000000008001468       0xcc ./Core/Src/RoboArm.o
                0x0000000008001468                RoboArm::RoboArm(float, float)
                0x0000000008001468                RoboArm::RoboArm(float, float)
 .text._ZN7RoboArm13EmergencyStopEv
                0x0000000008001534       0x84 ./Core/Src/RoboArm.o
                0x0000000008001534                RoboArm::EmergencyStop()
 .text._ZN7RoboArm15GetLastPositionEv
                0x00000000080015b8       0xc4 ./Core/Src/RoboArm.o
                0x00000000080015b8                RoboArm::GetLastPosition()
 .text._ZN7RoboArm11Move2MotorsEff
                0x000000000800167c      0x328 ./Core/Src/RoboArm.o
                0x000000000800167c                RoboArm::Move2Motors(float, float)
 .text._ZN7RoboArm13setPrintStateEb
                0x00000000080019a4       0x30 ./Core/Src/RoboArm.o
                0x00000000080019a4                RoboArm::setPrintState(bool)
 .text._ZN7RoboArm13getPrintStateEv
                0x00000000080019d4       0x22 ./Core/Src/RoboArm.o
                0x00000000080019d4                RoboArm::getPrintState()
 .text._ZN7RoboArm17SetMicrosteps4AllEh
                0x00000000080019f6       0x32 ./Core/Src/RoboArm.o
                0x00000000080019f6                RoboArm::SetMicrosteps4All(unsigned char)
 .text._ZN7RoboArm15SetSettEncodersER19__SPI_HandleTypeDefP12GPIO_TypeDeftS3_th
                0x0000000008001a28       0x46 ./Core/Src/RoboArm.o
                0x0000000008001a28                RoboArm::SetSettEncoders(__SPI_HandleTypeDef&, GPIO_TypeDef*, unsigned short, GPIO_TypeDef*, unsigned short, unsigned char)
 .text._ZN7RoboArm16GetAngleEncodersEm
                0x0000000008001a6e       0x26 ./Core/Src/RoboArm.o
                0x0000000008001a6e                RoboArm::GetAngleEncoders(unsigned long)
 .text._ZN7RoboArm14GetPosEncodersEh
                0x0000000008001a94       0x6e ./Core/Src/RoboArm.o
                0x0000000008001a94                RoboArm::GetPosEncoders(unsigned char)
 *fill*         0x0000000008001b02        0x2 
 .text._ZN7RoboArm11GetStatusMsEP7TMC2209
                0x0000000008001b04      0x4d0 ./Core/Src/RoboArm.o
                0x0000000008001b04                RoboArm::GetStatusMs(TMC2209*)
 .text._ZN7RoboArm15SetSoftwareZeroEv
                0x0000000008001fd4       0xc4 ./Core/Src/RoboArm.o
                0x0000000008001fd4                RoboArm::SetSoftwareZero()
 .text._ZN7RoboArm17ShiftZeroInputAngEf
                0x0000000008002098       0x44 ./Core/Src/RoboArm.o
                0x0000000008002098                RoboArm::ShiftZeroInputAng(float)
 .text._ZN7RoboArm17ShiftZeroInputLinEf
                0x00000000080020dc       0x48 ./Core/Src/RoboArm.o
                0x00000000080020dc                RoboArm::ShiftZeroInputLin(float)
 .text._ZN7RoboArm18ShiftZeroOutputAngEf
                0x0000000008002124       0x48 ./Core/Src/RoboArm.o
                0x0000000008002124                RoboArm::ShiftZeroOutputAng(float)
 .text._ZN7RoboArm18ShiftZeroOutputLinEf
                0x000000000800216c       0x46 ./Core/Src/RoboArm.o
                0x000000000800216c                RoboArm::ShiftZeroOutputLin(float)
 .text._ZN7RoboArm13SetSettMotorsER20__UART_HandleTypeDefS1_R17TIM_HandleTypeDefS3_S3_P12GPIO_TypeDeftS5_tS5_tS5_tS5_tS5_t
                0x00000000080021b2      0x112 ./Core/Src/RoboArm.o
                0x00000000080021b2                RoboArm::SetSettMotors(__UART_HandleTypeDef&, __UART_HandleTypeDef&, TIM_HandleTypeDef&, TIM_HandleTypeDef&, TIM_HandleTypeDef&, GPIO_TypeDef*, unsigned short, GPIO_TypeDef*, unsigned short, GPIO_TypeDef*, unsigned short, GPIO_TypeDef*, unsigned short, GPIO_TypeDef*, unsigned short, GPIO_TypeDef*, unsigned short)
 .text._ZN7RoboArm9SetEnableEtb
                0x00000000080022c4       0x70 ./Core/Src/RoboArm.o
                0x00000000080022c4                RoboArm::SetEnable(unsigned short, bool)
 .text._ZN7TMC2209C2Ev
                0x0000000008002334       0x38 ./Core/Src/TMC2209.o
                0x0000000008002334                TMC2209::TMC2209()
                0x0000000008002334                TMC2209::TMC2209()
 .text._ZN7TMC22095setupEP20__UART_HandleTypeDeflNS_13SerialAddressE
                0x000000000800236c       0x28 ./Core/Src/TMC2209.o
                0x000000000800236c                TMC2209::setup(__UART_HandleTypeDef*, long, TMC2209::SerialAddress)
 .text._ZN7TMC22097disableEv
                0x0000000008002394       0x54 ./Core/Src/TMC2209.o
                0x0000000008002394                TMC2209::disable()
 .text._ZN7TMC220930setMicrostepsPerStepPowerOfTwoEh
                0x00000000080023e8       0xc4 ./Core/Src/TMC2209.o
                0x00000000080023e8                TMC2209::setMicrostepsPerStepPowerOfTwo(unsigned char)
 .text._ZN7TMC220930disableAutomaticCurrentScalingEv
                0x00000000080024ac       0x24 ./Core/Src/TMC2209.o
                0x00000000080024ac                TMC2209::disableAutomaticCurrentScaling()
 .text._ZN7TMC220934disableAutomaticGradientAdaptationEv
                0x00000000080024d0       0x24 ./Core/Src/TMC2209.o
                0x00000000080024d0                TMC2209::disableAutomaticGradientAdaptation()
 .text._ZN7TMC220910getVersionEv
                0x00000000080024f4       0x1e ./Core/Src/TMC2209.o
                0x00000000080024f4                TMC2209::getVersion()
 .text._ZN7TMC220915isCommunicatingEv
                0x0000000008002512       0x22 ./Core/Src/TMC2209.o
                0x0000000008002512                TMC2209::isCommunicating()
 .text._ZN7TMC22099getIOPinsEv
                0x0000000008002534       0x24 ./Core/Src/TMC2209.o
                0x0000000008002534                TMC2209::getIOPins()
 .text._ZN7TMC220920getMicrostepsPerStepEv
                0x0000000008002558       0x8c ./Core/Src/TMC2209.o
                0x0000000008002558                TMC2209::getMicrostepsPerStep()
 .text._ZN7TMC220911getSettingsEv
                0x00000000080025e4      0x230 ./Core/Src/TMC2209.o
                0x00000000080025e4                TMC2209::getSettings()
 .text._ZN7TMC220918readDrvStatusBytesEv
                0x0000000008002814       0x1a ./Core/Src/TMC2209.o
                0x0000000008002814                TMC2209::readDrvStatusBytes()
 .text._ZN7TMC220915getGlobalStatusEv
                0x000000000800282e       0x1c ./Core/Src/TMC2209.o
                0x000000000800282e                TMC2209::getGlobalStatus()
 .text._ZN7TMC220919getStallGuardResultEv
                0x000000000800284a       0x1c ./Core/Src/TMC2209.o
                0x000000000800284a                TMC2209::getStallGuardResult()
 .text._ZN7TMC220919getMicrostepCounterEv
                0x0000000008002866       0x1c ./Core/Src/TMC2209.o
                0x0000000008002866                TMC2209::getMicrostepCounter()
 .text._ZN7TMC220910initializeElNS_13SerialAddressE
                0x0000000008002882       0x3e ./Core/Src/TMC2209.o
                0x0000000008002882                TMC2209::initialize(long, TMC2209::SerialAddress)
 .text._ZN7TMC220924setOperationModeToSerialENS_13SerialAddressE
                0x00000000080028c0       0x4e ./Core/Src/TMC2209.o
                0x00000000080028c0                TMC2209::setOperationModeToSerial(TMC2209::SerialAddress)
 *fill*         0x000000000800290e        0x2 
 .text._ZN7TMC220922setRegistersToDefaultsEv
                0x0000000008002910       0xf4 ./Core/Src/TMC2209.o
                0x0000000008002910                TMC2209::setRegistersToDefaults()
 .text._ZN7TMC220921readAndStoreRegistersEv
                0x0000000008002a04       0x34 ./Core/Src/TMC2209.o
                0x0000000008002a04                TMC2209::readAndStoreRegisters()
 .text._ZN7TMC220911reverseDataEm
                0x0000000008002a38       0x54 ./Core/Src/TMC2209.o
                0x0000000008002a38                TMC2209::reverseData(unsigned long)
 .text._ZN7TMC22095writeEhm
                0x0000000008002a8c       0x78 ./Core/Src/TMC2209.o
                0x0000000008002a8c                TMC2209::write(unsigned char, unsigned long)
 .text._ZN7TMC22094readEh
                0x0000000008002b04       0xb4 ./Core/Src/TMC2209.o
                0x0000000008002b04                TMC2209::read(unsigned char)
 .text._ZN7TMC220923currentSettingToPercentEh
                0x0000000008002bb8       0x2e ./Core/Src/TMC2209.o
                0x0000000008002bb8                TMC2209::currentSettingToPercent(unsigned char)
 .text._ZN7TMC22093mapEhhhhh
                0x0000000008002be6       0x46 ./Core/Src/TMC2209.o
                0x0000000008002be6                TMC2209::map(unsigned char, unsigned char, unsigned char, unsigned char, unsigned char)
 .text._ZN7TMC220925holdDelaySettingToPercentEh
                0x0000000008002c2c       0x2e ./Core/Src/TMC2209.o
                0x0000000008002c2c                TMC2209::holdDelaySettingToPercent(unsigned char)
 .text._ZN7TMC220923writeStoredGlobalConfigEv
                0x0000000008002c5a       0x1e ./Core/Src/TMC2209.o
                0x0000000008002c5a                TMC2209::writeStoredGlobalConfig()
 .text._ZN7TMC220921readGlobalConfigBytesEv
                0x0000000008002c78       0x1a ./Core/Src/TMC2209.o
                0x0000000008002c78                TMC2209::readGlobalConfigBytes()
 .text._ZN7TMC220924writeStoredChopperConfigEv
                0x0000000008002c92       0x1e ./Core/Src/TMC2209.o
                0x0000000008002c92                TMC2209::writeStoredChopperConfig()
 .text._ZN7TMC220922readChopperConfigBytesEv
                0x0000000008002cb0       0x1a ./Core/Src/TMC2209.o
                0x0000000008002cb0                TMC2209::readChopperConfigBytes()
 .text._ZN7TMC220920writeStoredPwmConfigEv
                0x0000000008002cca       0x1e ./Core/Src/TMC2209.o
                0x0000000008002cca                TMC2209::writeStoredPwmConfig()
 .text._ZN7TMC220918readPwmConfigBytesEv
                0x0000000008002ce8       0x1a ./Core/Src/TMC2209.o
                0x0000000008002ce8                TMC2209::readPwmConfigBytes()
 .text._ZN7TMC220912calculateCrcINS_22WriteReadReplyDatagramEEEhRT_h
                0x0000000008002d02       0x9e ./Core/Src/TMC2209.o
                0x0000000008002d02                unsigned char TMC2209::calculateCrc<TMC2209::WriteReadReplyDatagram>(TMC2209::WriteReadReplyDatagram&, unsigned char)
 .text._ZN7TMC220926sendDatagramUnidirectionalINS_22WriteReadReplyDatagramEEEvRT_h
                0x0000000008002da0       0x32 ./Core/Src/TMC2209.o
                0x0000000008002da0                void TMC2209::sendDatagramUnidirectional<TMC2209::WriteReadReplyDatagram>(TMC2209::WriteReadReplyDatagram&, unsigned char)
 .text._ZN7TMC220912calculateCrcINS_19ReadRequestDatagramEEEhRT_h
                0x0000000008002dd2       0x82 ./Core/Src/TMC2209.o
                0x0000000008002dd2                unsigned char TMC2209::calculateCrc<TMC2209::ReadRequestDatagram>(TMC2209::ReadRequestDatagram&, unsigned char)
 .text.vApplicationGetIdleTaskMemory
                0x0000000008002e54       0x30 ./Core/Src/freertos.o
                0x0000000008002e54                vApplicationGetIdleTaskMemory
 .text.main     0x0000000008002e84      0x148 ./Core/Src/main.o
                0x0000000008002e84                main
 .text._Z18SystemClock_Configv
                0x0000000008002fcc       0xa2 ./Core/Src/main.o
                0x0000000008002fcc                SystemClock_Config()
 *fill*         0x000000000800306e        0x2 
 .text._ZL12MX_SPI1_Initv
                0x0000000008003070       0x78 ./Core/Src/main.o
 .text._ZL12MX_TIM1_Initv
                0x00000000080030e8      0x130 ./Core/Src/main.o
 .text._ZL12MX_TIM2_Initv
                0x0000000008003218       0xd0 ./Core/Src/main.o
 .text._ZL12MX_TIM3_Initv
                0x00000000080032e8       0xd0 ./Core/Src/main.o
 .text._ZL19MX_USART1_UART_Initv
                0x00000000080033b8       0x5c ./Core/Src/main.o
 .text._ZL19MX_USART2_UART_Initv
                0x0000000008003414       0x5c ./Core/Src/main.o
 .text._ZL12MX_GPIO_Initv
                0x0000000008003470      0x124 ./Core/Src/main.o
 .text.HAL_UART_RxCpltCallback
                0x0000000008003594       0xa0 ./Core/Src/main.o
                0x0000000008003594                HAL_UART_RxCpltCallback
 .text._Z16StartDefaultTaskPKv
                0x0000000008003634       0x90 ./Core/Src/main.o
                0x0000000008003634                StartDefaultTask(void const*)
 .text._Z14StartAMT22DataPKv
                0x00000000080036c4       0x12 ./Core/Src/main.o
                0x00000000080036c4                StartAMT22Data(void const*)
 *fill*         0x00000000080036d6        0x2 
 .text._Z13StartUARTDataPKv
                0x00000000080036d8      0x1c4 ./Core/Src/main.o
                0x00000000080036d8                StartUARTData(void const*)
 .text.HAL_TIM_PeriodElapsedCallback
                0x000000000800389c       0xdc ./Core/Src/main.o
                0x000000000800389c                HAL_TIM_PeriodElapsedCallback
 .text.Error_Handler
                0x0000000008003978        0xa ./Core/Src/main.o
                0x0000000008003978                Error_Handler
 *fill*         0x0000000008003982        0x2 
 .text._Z41__static_initialization_and_destruction_0ii
                0x0000000008003984       0x38 ./Core/Src/main.o
 .text._GLOBAL__sub_I_hspi1
                0x00000000080039bc       0x10 ./Core/Src/main.o
 .text.HAL_MspInit
                0x00000000080039cc       0x80 ./Core/Src/stm32f1xx_hal_msp.o
                0x00000000080039cc                HAL_MspInit
 .text.HAL_SPI_MspInit
                0x0000000008003a4c       0xc4 ./Core/Src/stm32f1xx_hal_msp.o
                0x0000000008003a4c                HAL_SPI_MspInit
 .text.HAL_TIM_PWM_MspInit
                0x0000000008003b10       0xb8 ./Core/Src/stm32f1xx_hal_msp.o
                0x0000000008003b10                HAL_TIM_PWM_MspInit
 .text.HAL_TIM_MspPostInit
                0x0000000008003bc8       0xe4 ./Core/Src/stm32f1xx_hal_msp.o
                0x0000000008003bc8                HAL_TIM_MspPostInit
 .text.HAL_UART_MspInit
                0x0000000008003cac      0x110 ./Core/Src/stm32f1xx_hal_msp.o
                0x0000000008003cac                HAL_UART_MspInit
 .text.HAL_InitTick
                0x0000000008003dbc       0xfc ./Core/Src/stm32f1xx_hal_timebase_tim.o
                0x0000000008003dbc                HAL_InitTick
 .text.NMI_Handler
                0x0000000008003eb8        0xa ./Core/Src/stm32f1xx_it.o
                0x0000000008003eb8                NMI_Handler
 .text.HardFault_Handler
                0x0000000008003ec2        0x6 ./Core/Src/stm32f1xx_it.o
                0x0000000008003ec2                HardFault_Handler
 .text.MemManage_Handler
                0x0000000008003ec8        0x6 ./Core/Src/stm32f1xx_it.o
                0x0000000008003ec8                MemManage_Handler
 .text.BusFault_Handler
                0x0000000008003ece        0x6 ./Core/Src/stm32f1xx_it.o
                0x0000000008003ece                BusFault_Handler
 .text.UsageFault_Handler
                0x0000000008003ed4        0x6 ./Core/Src/stm32f1xx_it.o
                0x0000000008003ed4                UsageFault_Handler
 .text.DebugMon_Handler
                0x0000000008003eda        0xc ./Core/Src/stm32f1xx_it.o
                0x0000000008003eda                DebugMon_Handler
 .text.RCC_IRQHandler
                0x0000000008003ee6        0xc ./Core/Src/stm32f1xx_it.o
                0x0000000008003ee6                RCC_IRQHandler
 *fill*         0x0000000008003ef2        0x2 
 .text.TIM1_UP_IRQHandler
                0x0000000008003ef4       0x14 ./Core/Src/stm32f1xx_it.o
                0x0000000008003ef4                TIM1_UP_IRQHandler
 .text.TIM2_IRQHandler
                0x0000000008003f08       0x14 ./Core/Src/stm32f1xx_it.o
                0x0000000008003f08                TIM2_IRQHandler
 .text.TIM3_IRQHandler
                0x0000000008003f1c       0x14 ./Core/Src/stm32f1xx_it.o
                0x0000000008003f1c                TIM3_IRQHandler
 .text.TIM4_IRQHandler
                0x0000000008003f30       0x14 ./Core/Src/stm32f1xx_it.o
                0x0000000008003f30                TIM4_IRQHandler
 .text.SPI1_IRQHandler
                0x0000000008003f44       0x14 ./Core/Src/stm32f1xx_it.o
                0x0000000008003f44                SPI1_IRQHandler
 .text.USART1_IRQHandler
                0x0000000008003f58       0x14 ./Core/Src/stm32f1xx_it.o
                0x0000000008003f58                USART1_IRQHandler
 .text.USART2_IRQHandler
                0x0000000008003f6c       0x14 ./Core/Src/stm32f1xx_it.o
                0x0000000008003f6c                USART2_IRQHandler
 .text._getpid  0x0000000008003f80        0xe ./Core/Src/syscalls.o
                0x0000000008003f80                _getpid
 .text._kill    0x0000000008003f8e       0x20 ./Core/Src/syscalls.o
                0x0000000008003f8e                _kill
 .text._exit    0x0000000008003fae       0x14 ./Core/Src/syscalls.o
                0x0000000008003fae                _exit
 .text._read    0x0000000008003fc2       0x3a ./Core/Src/syscalls.o
                0x0000000008003fc2                _read
 .text._write   0x0000000008003ffc       0x38 ./Core/Src/syscalls.o
                0x0000000008003ffc                _write
 .text._close   0x0000000008004034       0x16 ./Core/Src/syscalls.o
                0x0000000008004034                _close
 .text._fstat   0x000000000800404a       0x1e ./Core/Src/syscalls.o
                0x000000000800404a                _fstat
 .text._isatty  0x0000000008004068       0x14 ./Core/Src/syscalls.o
                0x0000000008004068                _isatty
 .text._lseek   0x000000000800407c       0x18 ./Core/Src/syscalls.o
                0x000000000800407c                _lseek
 .text._sbrk    0x0000000008004094       0x6c ./Core/Src/sysmem.o
                0x0000000008004094                _sbrk
 .text.SystemInit
                0x0000000008004100        0xc ./Core/Src/system_stm32f1xx.o
                0x0000000008004100                SystemInit
 .text.Reset_Handler
                0x000000000800410c       0x48 ./Core/Startup/startup_stm32f103c8tx.o
                0x000000000800410c                Reset_Handler
 .text.Default_Handler
                0x0000000008004154        0x2 ./Core/Startup/startup_stm32f103c8tx.o
                0x0000000008004154                RTC_Alarm_IRQHandler
                0x0000000008004154                EXTI2_IRQHandler
                0x0000000008004154                TIM1_CC_IRQHandler
                0x0000000008004154                PVD_IRQHandler
                0x0000000008004154                EXTI3_IRQHandler
                0x0000000008004154                EXTI0_IRQHandler
                0x0000000008004154                I2C2_EV_IRQHandler
                0x0000000008004154                ADC1_2_IRQHandler
                0x0000000008004154                TAMPER_IRQHandler
                0x0000000008004154                DMA1_Channel4_IRQHandler
                0x0000000008004154                USART3_IRQHandler
                0x0000000008004154                RTC_IRQHandler
                0x0000000008004154                DMA1_Channel7_IRQHandler
                0x0000000008004154                CAN1_RX1_IRQHandler
                0x0000000008004154                I2C1_EV_IRQHandler
                0x0000000008004154                DMA1_Channel6_IRQHandler
                0x0000000008004154                TIM1_TRG_COM_IRQHandler
                0x0000000008004154                DMA1_Channel1_IRQHandler
                0x0000000008004154                Default_Handler
                0x0000000008004154                EXTI15_10_IRQHandler
                0x0000000008004154                EXTI9_5_IRQHandler
                0x0000000008004154                SPI2_IRQHandler
                0x0000000008004154                DMA1_Channel5_IRQHandler
                0x0000000008004154                EXTI4_IRQHandler
                0x0000000008004154                USB_LP_CAN1_RX0_IRQHandler
                0x0000000008004154                USB_HP_CAN1_TX_IRQHandler
                0x0000000008004154                DMA1_Channel3_IRQHandler
                0x0000000008004154                WWDG_IRQHandler
                0x0000000008004154                TIM1_BRK_IRQHandler
                0x0000000008004154                EXTI1_IRQHandler
                0x0000000008004154                I2C2_ER_IRQHandler
                0x0000000008004154                DMA1_Channel2_IRQHandler
                0x0000000008004154                CAN1_SCE_IRQHandler
                0x0000000008004154                FLASH_IRQHandler
                0x0000000008004154                I2C1_ER_IRQHandler
                0x0000000008004154                USBWakeUp_IRQHandler
 *fill*         0x0000000008004156        0x2 
 .text.HAL_Init
                0x0000000008004158       0x2c ./Drivers/STM32F1xx_HAL_Driver/Src/stm32f1xx_hal.o
                0x0000000008004158                HAL_Init
 .text.HAL_IncTick
                0x0000000008004184       0x24 ./Drivers/STM32F1xx_HAL_Driver/Src/stm32f1xx_hal.o
                0x0000000008004184                HAL_IncTick
 .text.HAL_GetTick
                0x00000000080041a8       0x14 ./Drivers/STM32F1xx_HAL_Driver/Src/stm32f1xx_hal.o
                0x00000000080041a8                HAL_GetTick
 .text.__NVIC_SetPriorityGrouping
                0x00000000080041bc       0x48 ./Drivers/STM32F1xx_HAL_Driver/Src/stm32f1xx_hal_cortex.o
 .text.__NVIC_GetPriorityGrouping
                0x0000000008004204       0x1c ./Drivers/STM32F1xx_HAL_Driver/Src/stm32f1xx_hal_cortex.o
 .text.__NVIC_EnableIRQ
                0x0000000008004220       0x38 ./Drivers/STM32F1xx_HAL_Driver/Src/stm32f1xx_hal_cortex.o
 .text.__NVIC_SetPriority
                0x0000000008004258       0x54 ./Drivers/STM32F1xx_HAL_Driver/Src/stm32f1xx_hal_cortex.o
 .text.NVIC_EncodePriority
                0x00000000080042ac       0x64 ./Drivers/STM32F1xx_HAL_Driver/Src/stm32f1xx_hal_cortex.o
 .text.HAL_NVIC_SetPriorityGrouping
                0x0000000008004310       0x16 ./Drivers/STM32F1xx_HAL_Driver/Src/stm32f1xx_hal_cortex.o
                0x0000000008004310                HAL_NVIC_SetPriorityGrouping
 .text.HAL_NVIC_SetPriority
                0x0000000008004326       0x38 ./Drivers/STM32F1xx_HAL_Driver/Src/stm32f1xx_hal_cortex.o
                0x0000000008004326                HAL_NVIC_SetPriority
 .text.HAL_NVIC_EnableIRQ
                0x000000000800435e       0x1c ./Drivers/STM32F1xx_HAL_Driver/Src/stm32f1xx_hal_cortex.o
                0x000000000800435e                HAL_NVIC_EnableIRQ
 .text.HAL_DMA_Abort
                0x000000000800437a       0x76 ./Drivers/STM32F1xx_HAL_Driver/Src/stm32f1xx_hal_dma.o
                0x000000000800437a                HAL_DMA_Abort
 .text.HAL_DMA_Abort_IT
                0x00000000080043f0       0xf0 ./Drivers/STM32F1xx_HAL_Driver/Src/stm32f1xx_hal_dma.o
                0x00000000080043f0                HAL_DMA_Abort_IT
 .text.HAL_GPIO_Init
                0x00000000080044e0      0x308 ./Drivers/STM32F1xx_HAL_Driver/Src/stm32f1xx_hal_gpio.o
                0x00000000080044e0                HAL_GPIO_Init
 .text.HAL_GPIO_WritePin
                0x00000000080047e8       0x30 ./Drivers/STM32F1xx_HAL_Driver/Src/stm32f1xx_hal_gpio.o
                0x00000000080047e8                HAL_GPIO_WritePin
 .text.HAL_GPIO_TogglePin
                0x0000000008004818       0x32 ./Drivers/STM32F1xx_HAL_Driver/Src/stm32f1xx_hal_gpio.o
                0x0000000008004818                HAL_GPIO_TogglePin
 *fill*         0x000000000800484a        0x2 
 .text.HAL_RCC_OscConfig
                0x000000000800484c      0x504 ./Drivers/STM32F1xx_HAL_Driver/Src/stm32f1xx_hal_rcc.o
                0x000000000800484c                HAL_RCC_OscConfig
 .text.HAL_RCC_ClockConfig
                0x0000000008004d50      0x1d4 ./Drivers/STM32F1xx_HAL_Driver/Src/stm32f1xx_hal_rcc.o
                0x0000000008004d50                HAL_RCC_ClockConfig
 .text.HAL_RCC_EnableCSS
                0x0000000008004f24       0x18 ./Drivers/STM32F1xx_HAL_Driver/Src/stm32f1xx_hal_rcc.o
                0x0000000008004f24                HAL_RCC_EnableCSS
 .text.HAL_RCC_GetSysClockFreq
                0x0000000008004f3c       0xa8 ./Drivers/STM32F1xx_HAL_Driver/Src/stm32f1xx_hal_rcc.o
                0x0000000008004f3c                HAL_RCC_GetSysClockFreq
 .text.HAL_RCC_GetHCLKFreq
                0x0000000008004fe4       0x14 ./Drivers/STM32F1xx_HAL_Driver/Src/stm32f1xx_hal_rcc.o
                0x0000000008004fe4                HAL_RCC_GetHCLKFreq
 .text.HAL_RCC_GetPCLK1Freq
                0x0000000008004ff8       0x28 ./Drivers/STM32F1xx_HAL_Driver/Src/stm32f1xx_hal_rcc.o
                0x0000000008004ff8                HAL_RCC_GetPCLK1Freq
 .text.HAL_RCC_GetPCLK2Freq
                0x0000000008005020       0x28 ./Drivers/STM32F1xx_HAL_Driver/Src/stm32f1xx_hal_rcc.o
                0x0000000008005020                HAL_RCC_GetPCLK2Freq
 .text.HAL_RCC_GetClockConfig
                0x0000000008005048       0x60 ./Drivers/STM32F1xx_HAL_Driver/Src/stm32f1xx_hal_rcc.o
                0x0000000008005048                HAL_RCC_GetClockConfig
 .text.HAL_RCC_NMI_IRQHandler
                0x00000000080050a8       0x28 ./Drivers/STM32F1xx_HAL_Driver/Src/stm32f1xx_hal_rcc.o
                0x00000000080050a8                HAL_RCC_NMI_IRQHandler
 .text.RCC_Delay
                0x00000000080050d0       0x3c ./Drivers/STM32F1xx_HAL_Driver/Src/stm32f1xx_hal_rcc.o
 .text.HAL_RCC_CSSCallback
                0x000000000800510c        0xc ./Drivers/STM32F1xx_HAL_Driver/Src/stm32f1xx_hal_rcc.o
                0x000000000800510c                HAL_RCC_CSSCallback
 .text.HAL_SPI_Init
                0x0000000008005118      0x108 ./Drivers/STM32F1xx_HAL_Driver/Src/stm32f1xx_hal_spi.o
                0x0000000008005118                HAL_SPI_Init
 .text.HAL_SPI_TransmitReceive
                0x0000000008005220      0x360 ./Drivers/STM32F1xx_HAL_Driver/Src/stm32f1xx_hal_spi.o
                0x0000000008005220                HAL_SPI_TransmitReceive
 .text.HAL_SPI_IRQHandler
                0x0000000008005580      0x1bc ./Drivers/STM32F1xx_HAL_Driver/Src/stm32f1xx_hal_spi.o
                0x0000000008005580                HAL_SPI_IRQHandler
 .text.HAL_SPI_ErrorCallback
                0x000000000800573c       0x12 ./Drivers/STM32F1xx_HAL_Driver/Src/stm32f1xx_hal_spi.o
                0x000000000800573c                HAL_SPI_ErrorCallback
 .text.SPI_DMAAbortOnError
                0x000000000800574e       0x28 ./Drivers/STM32F1xx_HAL_Driver/Src/stm32f1xx_hal_spi.o
 *fill*         0x0000000008005776        0x2 
 .text.SPI_WaitFlagStateUntilTimeout
                0x0000000008005778      0x110 ./Drivers/STM32F1xx_HAL_Driver/Src/stm32f1xx_hal_spi.o
 .text.SPI_EndRxTxTransaction
                0x0000000008005888       0x3c ./Drivers/STM32F1xx_HAL_Driver/Src/stm32f1xx_hal_spi.o
 .text.HAL_TIM_Base_Init
                0x00000000080058c4       0x9e ./Drivers/STM32F1xx_HAL_Driver/Src/stm32f1xx_hal_tim.o
                0x00000000080058c4                HAL_TIM_Base_Init
 .text.HAL_TIM_Base_MspInit
                0x0000000008005962       0x12 ./Drivers/STM32F1xx_HAL_Driver/Src/stm32f1xx_hal_tim.o
                0x0000000008005962                HAL_TIM_Base_MspInit
 .text.HAL_TIM_Base_Start_IT
                0x0000000008005974       0xa4 ./Drivers/STM32F1xx_HAL_Driver/Src/stm32f1xx_hal_tim.o
                0x0000000008005974                HAL_TIM_Base_Start_IT
 .text.HAL_TIM_Base_Stop_IT
                0x0000000008005a18       0x5c ./Drivers/STM32F1xx_HAL_Driver/Src/stm32f1xx_hal_tim.o
                0x0000000008005a18                HAL_TIM_Base_Stop_IT
 .text.HAL_TIM_PWM_Init
                0x0000000008005a74       0x9e ./Drivers/STM32F1xx_HAL_Driver/Src/stm32f1xx_hal_tim.o
                0x0000000008005a74                HAL_TIM_PWM_Init
 *fill*         0x0000000008005b12        0x2 
 .text.HAL_TIM_PWM_Start
                0x0000000008005b14      0x144 ./Drivers/STM32F1xx_HAL_Driver/Src/stm32f1xx_hal_tim.o
                0x0000000008005b14                HAL_TIM_PWM_Start
 .text.HAL_TIM_PWM_Stop
                0x0000000008005c58       0xc8 ./Drivers/STM32F1xx_HAL_Driver/Src/stm32f1xx_hal_tim.o
                0x0000000008005c58                HAL_TIM_PWM_Stop
 .text.HAL_TIM_IRQHandler
                0x0000000008005d20      0x210 ./Drivers/STM32F1xx_HAL_Driver/Src/stm32f1xx_hal_tim.o
                0x0000000008005d20                HAL_TIM_IRQHandler
 .text.HAL_TIM_PWM_ConfigChannel
                0x0000000008005f30      0x184 ./Drivers/STM32F1xx_HAL_Driver/Src/stm32f1xx_hal_tim.o
                0x0000000008005f30                HAL_TIM_PWM_ConfigChannel
 .text.HAL_TIM_OC_DelayElapsedCallback
                0x00000000080060b4       0x12 ./Drivers/STM32F1xx_HAL_Driver/Src/stm32f1xx_hal_tim.o
                0x00000000080060b4                HAL_TIM_OC_DelayElapsedCallback
 .text.HAL_TIM_IC_CaptureCallback
                0x00000000080060c6       0x12 ./Drivers/STM32F1xx_HAL_Driver/Src/stm32f1xx_hal_tim.o
                0x00000000080060c6                HAL_TIM_IC_CaptureCallback
 .text.HAL_TIM_PWM_PulseFinishedCallback
                0x00000000080060d8       0x12 ./Drivers/STM32F1xx_HAL_Driver/Src/stm32f1xx_hal_tim.o
                0x00000000080060d8                HAL_TIM_PWM_PulseFinishedCallback
 .text.HAL_TIM_TriggerCallback
                0x00000000080060ea       0x12 ./Drivers/STM32F1xx_HAL_Driver/Src/stm32f1xx_hal_tim.o
                0x00000000080060ea                HAL_TIM_TriggerCallback
 .text.TIM_Base_SetConfig
                0x00000000080060fc       0xc4 ./Drivers/STM32F1xx_HAL_Driver/Src/stm32f1xx_hal_tim.o
                0x00000000080060fc                TIM_Base_SetConfig
 .text.TIM_OC1_SetConfig
                0x00000000080061c0       0xcc ./Drivers/STM32F1xx_HAL_Driver/Src/stm32f1xx_hal_tim.o
 .text.TIM_OC2_SetConfig
                0x000000000800628c       0xd4 ./Drivers/STM32F1xx_HAL_Driver/Src/stm32f1xx_hal_tim.o
                0x000000000800628c                TIM_OC2_SetConfig
 .text.TIM_OC3_SetConfig
                0x0000000008006360       0xd4 ./Drivers/STM32F1xx_HAL_Driver/Src/stm32f1xx_hal_tim.o
 .text.TIM_OC4_SetConfig
                0x0000000008006434       0x9c ./Drivers/STM32F1xx_HAL_Driver/Src/stm32f1xx_hal_tim.o
 .text.TIM_CCxChannelCmd
                0x00000000080064d0       0x48 ./Drivers/STM32F1xx_HAL_Driver/Src/stm32f1xx_hal_tim.o
                0x00000000080064d0                TIM_CCxChannelCmd
 .text.HAL_TIMEx_MasterConfigSynchronization
                0x0000000008006518       0xbc ./Drivers/STM32F1xx_HAL_Driver/Src/stm32f1xx_hal_tim_ex.o
                0x0000000008006518                HAL_TIMEx_MasterConfigSynchronization
 .text.HAL_TIMEx_ConfigBreakDeadTime
                0x00000000080065d4       0xa2 ./Drivers/STM32F1xx_HAL_Driver/Src/stm32f1xx_hal_tim_ex.o
                0x00000000080065d4                HAL_TIMEx_ConfigBreakDeadTime
 .text.HAL_TIMEx_CommutCallback
                0x0000000008006676       0x12 ./Drivers/STM32F1xx_HAL_Driver/Src/stm32f1xx_hal_tim_ex.o
                0x0000000008006676                HAL_TIMEx_CommutCallback
 .text.HAL_TIMEx_BreakCallback
                0x0000000008006688       0x12 ./Drivers/STM32F1xx_HAL_Driver/Src/stm32f1xx_hal_tim_ex.o
                0x0000000008006688                HAL_TIMEx_BreakCallback
 .text.HAL_UART_Init
                0x000000000800669a       0xa0 ./Drivers/STM32F1xx_HAL_Driver/Src/stm32f1xx_hal_uart.o
                0x000000000800669a                HAL_UART_Init
 .text.HAL_HalfDuplex_Init
                0x000000000800673a       0xb0 ./Drivers/STM32F1xx_HAL_Driver/Src/stm32f1xx_hal_uart.o
                0x000000000800673a                HAL_HalfDuplex_Init
 .text.HAL_UART_Transmit
                0x00000000080067ea      0x106 ./Drivers/STM32F1xx_HAL_Driver/Src/stm32f1xx_hal_uart.o
                0x00000000080067ea                HAL_UART_Transmit
 .text.HAL_UART_Receive
                0x00000000080068f0      0x124 ./Drivers/STM32F1xx_HAL_Driver/Src/stm32f1xx_hal_uart.o
                0x00000000080068f0                HAL_UART_Receive
 .text.HAL_UART_Receive_IT
                0x0000000008006a14       0x4a ./Drivers/STM32F1xx_HAL_Driver/Src/stm32f1xx_hal_uart.o
                0x0000000008006a14                HAL_UART_Receive_IT
 *fill*         0x0000000008006a5e        0x2 
 .text.HAL_UART_IRQHandler
                0x0000000008006a60      0x524 ./Drivers/STM32F1xx_HAL_Driver/Src/stm32f1xx_hal_uart.o
                0x0000000008006a60                HAL_UART_IRQHandler
 .text.HAL_UART_TxCpltCallback
                0x0000000008006f84       0x12 ./Drivers/STM32F1xx_HAL_Driver/Src/stm32f1xx_hal_uart.o
                0x0000000008006f84                HAL_UART_TxCpltCallback
 .text.HAL_UART_ErrorCallback
                0x0000000008006f96       0x12 ./Drivers/STM32F1xx_HAL_Driver/Src/stm32f1xx_hal_uart.o
                0x0000000008006f96                HAL_UART_ErrorCallback
 .text.HAL_UARTEx_RxEventCallback
                0x0000000008006fa8       0x16 ./Drivers/STM32F1xx_HAL_Driver/Src/stm32f1xx_hal_uart.o
                0x0000000008006fa8                HAL_UARTEx_RxEventCallback
 .text.HAL_HalfDuplex_EnableTransmitter
                0x0000000008006fbe       0x66 ./Drivers/STM32F1xx_HAL_Driver/Src/stm32f1xx_hal_uart.o
                0x0000000008006fbe                HAL_HalfDuplex_EnableTransmitter
 .text.HAL_HalfDuplex_EnableReceiver
                0x0000000008007024       0x66 ./Drivers/STM32F1xx_HAL_Driver/Src/stm32f1xx_hal_uart.o
                0x0000000008007024                HAL_HalfDuplex_EnableReceiver
 .text.UART_WaitOnFlagUntilTimeout
                0x000000000800708a       0xdc ./Drivers/STM32F1xx_HAL_Driver/Src/stm32f1xx_hal_uart.o
 .text.UART_Start_Receive_IT
                0x0000000008007166       0x72 ./Drivers/STM32F1xx_HAL_Driver/Src/stm32f1xx_hal_uart.o
                0x0000000008007166                UART_Start_Receive_IT
 .text.UART_EndRxTransfer
                0x00000000080071d8       0xc4 ./Drivers/STM32F1xx_HAL_Driver/Src/stm32f1xx_hal_uart.o
 .text.UART_DMAAbortOnError
                0x000000000800729c       0x28 ./Drivers/STM32F1xx_HAL_Driver/Src/stm32f1xx_hal_uart.o
 .text.UART_Transmit_IT
                0x00000000080072c4       0x9e ./Drivers/STM32F1xx_HAL_Driver/Src/stm32f1xx_hal_uart.o
 .text.UART_EndTransmit_IT
                0x0000000008007362       0x30 ./Drivers/STM32F1xx_HAL_Driver/Src/stm32f1xx_hal_uart.o
 .text.UART_Receive_IT
                0x0000000008007392      0x17c ./Drivers/STM32F1xx_HAL_Driver/Src/stm32f1xx_hal_uart.o
 *fill*         0x000000000800750e        0x2 
 .text.UART_SetConfig
                0x0000000008007510      0x11c ./Drivers/STM32F1xx_HAL_Driver/Src/stm32f1xx_hal_uart.o
 .text.makeFreeRtosPriority
                0x000000000800762c       0x2e ./Middlewares/Third_Party/FreeRTOS/Source/CMSIS_RTOS/cmsis_os.o
 .text.osKernelStart
                0x000000000800765a        0xe ./Middlewares/Third_Party/FreeRTOS/Source/CMSIS_RTOS/cmsis_os.o
                0x000000000800765a                osKernelStart
 .text.osThreadCreate
                0x0000000008007668       0x98 ./Middlewares/Third_Party/FreeRTOS/Source/CMSIS_RTOS/cmsis_os.o
                0x0000000008007668                osThreadCreate
 .text.osDelay  0x0000000008007700       0x28 ./Middlewares/Third_Party/FreeRTOS/Source/CMSIS_RTOS/cmsis_os.o
                0x0000000008007700                osDelay
 .text.vListInitialise
                0x0000000008007728       0x3e ./Middlewares/Third_Party/FreeRTOS/Source/list.o
                0x0000000008007728                vListInitialise
 .text.vListInitialiseItem
                0x0000000008007766       0x18 ./Middlewares/Third_Party/FreeRTOS/Source/list.o
                0x0000000008007766                vListInitialiseItem
 .text.vListInsertEnd
                0x000000000800777e       0x46 ./Middlewares/Third_Party/FreeRTOS/Source/list.o
                0x000000000800777e                vListInsertEnd
 .text.vListInsert
                0x00000000080077c4       0x70 ./Middlewares/Third_Party/FreeRTOS/Source/list.o
                0x00000000080077c4                vListInsert
 .text.uxListRemove
                0x0000000008007834       0x52 ./Middlewares/Third_Party/FreeRTOS/Source/list.o
                0x0000000008007834                uxListRemove
 .text.xTaskCreateStatic
                0x0000000008007886       0xb8 ./Middlewares/Third_Party/FreeRTOS/Source/tasks.o
                0x0000000008007886                xTaskCreateStatic
 .text.xTaskCreate
                0x000000000800793e       0x8a ./Middlewares/Third_Party/FreeRTOS/Source/tasks.o
                0x000000000800793e                xTaskCreate
 .text.prvInitialiseNewTask
                0x00000000080079c8      0x12c ./Middlewares/Third_Party/FreeRTOS/Source/tasks.o
 .text.prvAddNewTaskToReadyList
                0x0000000008007af4       0xd4 ./Middlewares/Third_Party/FreeRTOS/Source/tasks.o
 .text.vTaskDelay
                0x0000000008007bc8       0x68 ./Middlewares/Third_Party/FreeRTOS/Source/tasks.o
                0x0000000008007bc8                vTaskDelay
 .text.vTaskStartScheduler
                0x0000000008007c30       0xd4 ./Middlewares/Third_Party/FreeRTOS/Source/tasks.o
                0x0000000008007c30                vTaskStartScheduler
 .text.vTaskSuspendAll
                0x0000000008007d04       0x1c ./Middlewares/Third_Party/FreeRTOS/Source/tasks.o
                0x0000000008007d04                vTaskSuspendAll
 .text.xTaskResumeAll
                0x0000000008007d20      0x138 ./Middlewares/Third_Party/FreeRTOS/Source/tasks.o
                0x0000000008007d20                xTaskResumeAll
 .text.xTaskIncrementTick
                0x0000000008007e58      0x17c ./Middlewares/Third_Party/FreeRTOS/Source/tasks.o
                0x0000000008007e58                xTaskIncrementTick
 .text.vTaskSwitchContext
                0x0000000008007fd4       0xc4 ./Middlewares/Third_Party/FreeRTOS/Source/tasks.o
                0x0000000008007fd4                vTaskSwitchContext
 .text.prvIdleTask
                0x0000000008008098       0x30 ./Middlewares/Third_Party/FreeRTOS/Source/tasks.o
 .text.prvInitialiseTaskLists
                0x00000000080080c8       0x80 ./Middlewares/Third_Party/FreeRTOS/Source/tasks.o
 .text.prvCheckTasksWaitingTermination
                0x0000000008008148       0x5c ./Middlewares/Third_Party/FreeRTOS/Source/tasks.o
 .text.prvDeleteTCB
                0x00000000080081a4       0x68 ./Middlewares/Third_Party/FreeRTOS/Source/tasks.o
 .text.prvResetNextTaskUnblockTime
                0x000000000800820c       0x48 ./Middlewares/Third_Party/FreeRTOS/Source/tasks.o
 .text.prvAddCurrentTaskToDelayedList
                0x0000000008008254       0xcc ./Middlewares/Third_Party/FreeRTOS/Source/tasks.o
 .text.pxPortInitialiseStack
                0x0000000008008320       0x58 ./Middlewares/Third_Party/FreeRTOS/Source/portable/GCC/ARM_CM3/port.o
                0x0000000008008320                pxPortInitialiseStack
 .text.prvTaskExitError
                0x0000000008008378       0x58 ./Middlewares/Third_Party/FreeRTOS/Source/portable/GCC/ARM_CM3/port.o
 .text.SVC_Handler
                0x00000000080083d0       0x28 ./Middlewares/Third_Party/FreeRTOS/Source/portable/GCC/ARM_CM3/port.o
                0x00000000080083d0                SVC_Handler
 .text.prvPortStartFirstTask
                0x00000000080083f8       0x20 ./Middlewares/Third_Party/FreeRTOS/Source/portable/GCC/ARM_CM3/port.o
 .text.xPortStartScheduler
                0x0000000008008418       0xe4 ./Middlewares/Third_Party/FreeRTOS/Source/portable/GCC/ARM_CM3/port.o
                0x0000000008008418                xPortStartScheduler
 .text.vPortEnterCritical
                0x00000000080084fc       0x60 ./Middlewares/Third_Party/FreeRTOS/Source/portable/GCC/ARM_CM3/port.o
                0x00000000080084fc                vPortEnterCritical
 .text.vPortExitCritical
                0x000000000800855c       0x50 ./Middlewares/Third_Party/FreeRTOS/Source/portable/GCC/ARM_CM3/port.o
                0x000000000800855c                vPortExitCritical
 *fill*         0x00000000080085ac        0x4 
 .text.PendSV_Handler
                0x00000000080085b0       0x48 ./Middlewares/Third_Party/FreeRTOS/Source/portable/GCC/ARM_CM3/port.o
                0x00000000080085b0                PendSV_Handler
 .text.SysTick_Handler
                0x00000000080085f8       0x44 ./Middlewares/Third_Party/FreeRTOS/Source/portable/GCC/ARM_CM3/port.o
                0x00000000080085f8                SysTick_Handler
 .text.vPortSetupTimerInterrupt
                0x000000000800863c       0x44 ./Middlewares/Third_Party/FreeRTOS/Source/portable/GCC/ARM_CM3/port.o
                0x000000000800863c                vPortSetupTimerInterrupt
 .text.pvPortMalloc
                0x0000000008008680      0x188 ./Middlewares/Third_Party/FreeRTOS/Source/portable/MemMang/heap_4.o
                0x0000000008008680                pvPortMalloc
 .text.vPortFree
                0x0000000008008808       0xb4 ./Middlewares/Third_Party/FreeRTOS/Source/portable/MemMang/heap_4.o
                0x0000000008008808                vPortFree
 .text.prvHeapInit
                0x00000000080088bc       0xc4 ./Middlewares/Third_Party/FreeRTOS/Source/portable/MemMang/heap_4.o
 .text.prvInsertBlockIntoFreeList
                0x0000000008008980       0xb0 ./Middlewares/Third_Party/FreeRTOS/Source/portable/MemMang/heap_4.o
 .text.__cvt    0x0000000008008a30       0xbe C:/ST/STM32CubeIDE_1.11.2/STM32CubeIDE/plugins/com.st.stm32cube.ide.mcu.externaltools.gnu-tools-for-stm32.11.3.rel1.win32_1.1.100.202309141235/tools/bin/../lib/gcc/arm-none-eabi/11.3.1/../../../../arm-none-eabi/lib/thumb/v7-m/nofp\libc_nano.a(libc_a-nano-vfprintf_float.o)
                0x0000000008008a30                __cvt
 .text.__exponent
                0x0000000008008aee       0x7a C:/ST/STM32CubeIDE_1.11.2/STM32CubeIDE/plugins/com.st.stm32cube.ide.mcu.externaltools.gnu-tools-for-stm32.11.3.rel1.win32_1.1.100.202309141235/tools/bin/../lib/gcc/arm-none-eabi/11.3.1/../../../../arm-none-eabi/lib/thumb/v7-m/nofp\libc_nano.a(libc_a-nano-vfprintf_float.o)
                0x0000000008008aee                __exponent
 .text._printf_float
                0x0000000008008b68      0x45c C:/ST/STM32CubeIDE_1.11.2/STM32CubeIDE/plugins/com.st.stm32cube.ide.mcu.externaltools.gnu-tools-for-stm32.11.3.rel1.win32_1.1.100.202309141235/tools/bin/../lib/gcc/arm-none-eabi/11.3.1/../../../../arm-none-eabi/lib/thumb/v7-m/nofp\libc_nano.a(libc_a-nano-vfprintf_float.o)
                0x0000000008008b68                _printf_float
 .text._printf_common
                0x0000000008008fc4       0xe4 C:/ST/STM32CubeIDE_1.11.2/STM32CubeIDE/plugins/com.st.stm32cube.ide.mcu.externaltools.gnu-tools-for-stm32.11.3.rel1.win32_1.1.100.202309141235/tools/bin/../lib/gcc/arm-none-eabi/11.3.1/../../../../arm-none-eabi/lib/thumb/v7-m/nofp\libc_nano.a(libc_a-nano-vfprintf_i.o)
                0x0000000008008fc4                _printf_common
 .text._printf_i
                0x00000000080090a8      0x244 C:/ST/STM32CubeIDE_1.11.2/STM32CubeIDE/plugins/com.st.stm32cube.ide.mcu.externaltools.gnu-tools-for-stm32.11.3.rel1.win32_1.1.100.202309141235/tools/bin/../lib/gcc/arm-none-eabi/11.3.1/../../../../arm-none-eabi/lib/thumb/v7-m/nofp\libc_nano.a(libc_a-nano-vfprintf_i.o)
                0x00000000080090a8                _printf_i
 .text.std      0x00000000080092ec       0x6c C:/ST/STM32CubeIDE_1.11.2/STM32CubeIDE/plugins/com.st.stm32cube.ide.mcu.externaltools.gnu-tools-for-stm32.11.3.rel1.win32_1.1.100.202309141235/tools/bin/../lib/gcc/arm-none-eabi/11.3.1/../../../../arm-none-eabi/lib/thumb/v7-m/nofp\libc_nano.a(libc_a-findfp.o)
 .text.stdio_exit_handler
                0x0000000008009358       0x18 C:/ST/STM32CubeIDE_1.11.2/STM32CubeIDE/plugins/com.st.stm32cube.ide.mcu.externaltools.gnu-tools-for-stm32.11.3.rel1.win32_1.1.100.202309141235/tools/bin/../lib/gcc/arm-none-eabi/11.3.1/../../../../arm-none-eabi/lib/thumb/v7-m/nofp\libc_nano.a(libc_a-findfp.o)
 .text.cleanup_stdio
                0x0000000008009370       0x40 C:/ST/STM32CubeIDE_1.11.2/STM32CubeIDE/plugins/com.st.stm32cube.ide.mcu.externaltools.gnu-tools-for-stm32.11.3.rel1.win32_1.1.100.202309141235/tools/bin/../lib/gcc/arm-none-eabi/11.3.1/../../../../arm-none-eabi/lib/thumb/v7-m/nofp\libc_nano.a(libc_a-findfp.o)
 .text.global_stdio_init.part.0
                0x00000000080093b0       0x3c C:/ST/STM32CubeIDE_1.11.2/STM32CubeIDE/plugins/com.st.stm32cube.ide.mcu.externaltools.gnu-tools-for-stm32.11.3.rel1.win32_1.1.100.202309141235/tools/bin/../lib/gcc/arm-none-eabi/11.3.1/../../../../arm-none-eabi/lib/thumb/v7-m/nofp\libc_nano.a(libc_a-findfp.o)
 .text.__sfp_lock_acquire
                0x00000000080093ec        0xc C:/ST/STM32CubeIDE_1.11.2/STM32CubeIDE/plugins/com.st.stm32cube.ide.mcu.externaltools.gnu-tools-for-stm32.11.3.rel1.win32_1.1.100.202309141235/tools/bin/../lib/gcc/arm-none-eabi/11.3.1/../../../../arm-none-eabi/lib/thumb/v7-m/nofp\libc_nano.a(libc_a-findfp.o)
                0x00000000080093ec                __sfp_lock_acquire
 .text.__sfp_lock_release
                0x00000000080093f8        0xc C:/ST/STM32CubeIDE_1.11.2/STM32CubeIDE/plugins/com.st.stm32cube.ide.mcu.externaltools.gnu-tools-for-stm32.11.3.rel1.win32_1.1.100.202309141235/tools/bin/../lib/gcc/arm-none-eabi/11.3.1/../../../../arm-none-eabi/lib/thumb/v7-m/nofp\libc_nano.a(libc_a-findfp.o)
                0x00000000080093f8                __sfp_lock_release
 .text.__sinit  0x0000000008009404       0x30 C:/ST/STM32CubeIDE_1.11.2/STM32CubeIDE/plugins/com.st.stm32cube.ide.mcu.externaltools.gnu-tools-for-stm32.11.3.rel1.win32_1.1.100.202309141235/tools/bin/../lib/gcc/arm-none-eabi/11.3.1/../../../../arm-none-eabi/lib/thumb/v7-m/nofp\libc_nano.a(libc_a-findfp.o)
                0x0000000008009404                __sinit
 .text._fwalk_sglue
                0x0000000008009434       0x3c C:/ST/STM32CubeIDE_1.11.2/STM32CubeIDE/plugins/com.st.stm32cube.ide.mcu.externaltools.gnu-tools-for-stm32.11.3.rel1.win32_1.1.100.202309141235/tools/bin/../lib/gcc/arm-none-eabi/11.3.1/../../../../arm-none-eabi/lib/thumb/v7-m/nofp\libc_nano.a(libc_a-fwalk.o)
                0x0000000008009434                _fwalk_sglue
 .text.sprintf  0x0000000008009470       0x40 C:/ST/STM32CubeIDE_1.11.2/STM32CubeIDE/plugins/com.st.stm32cube.ide.mcu.externaltools.gnu-tools-for-stm32.11.3.rel1.win32_1.1.100.202309141235/tools/bin/../lib/gcc/arm-none-eabi/11.3.1/../../../../arm-none-eabi/lib/thumb/v7-m/nofp\libc_nano.a(libc_a-sprintf.o)
                0x0000000008009470                siprintf
                0x0000000008009470                sprintf
 .text.__sread  0x00000000080094b0       0x22 C:/ST/STM32CubeIDE_1.11.2/STM32CubeIDE/plugins/com.st.stm32cube.ide.mcu.externaltools.gnu-tools-for-stm32.11.3.rel1.win32_1.1.100.202309141235/tools/bin/../lib/gcc/arm-none-eabi/11.3.1/../../../../arm-none-eabi/lib/thumb/v7-m/nofp\libc_nano.a(libc_a-stdio.o)
                0x00000000080094b0                __sread
 .text.__swrite
                0x00000000080094d2       0x38 C:/ST/STM32CubeIDE_1.11.2/STM32CubeIDE/plugins/com.st.stm32cube.ide.mcu.externaltools.gnu-tools-for-stm32.11.3.rel1.win32_1.1.100.202309141235/tools/bin/../lib/gcc/arm-none-eabi/11.3.1/../../../../arm-none-eabi/lib/thumb/v7-m/nofp\libc_nano.a(libc_a-stdio.o)
                0x00000000080094d2                __swrite
 .text.__sseek  0x000000000800950a       0x24 C:/ST/STM32CubeIDE_1.11.2/STM32CubeIDE/plugins/com.st.stm32cube.ide.mcu.externaltools.gnu-tools-for-stm32.11.3.rel1.win32_1.1.100.202309141235/tools/bin/../lib/gcc/arm-none-eabi/11.3.1/../../../../arm-none-eabi/lib/thumb/v7-m/nofp\libc_nano.a(libc_a-stdio.o)
                0x000000000800950a                __sseek
 .text.__sclose
                0x000000000800952e        0x8 C:/ST/STM32CubeIDE_1.11.2/STM32CubeIDE/plugins/com.st.stm32cube.ide.mcu.externaltools.gnu-tools-for-stm32.11.3.rel1.win32_1.1.100.202309141235/tools/bin/../lib/gcc/arm-none-eabi/11.3.1/../../../../arm-none-eabi/lib/thumb/v7-m/nofp\libc_nano.a(libc_a-stdio.o)
                0x000000000800952e                __sclose
 .text.memset   0x0000000008009536       0x10 C:/ST/STM32CubeIDE_1.11.2/STM32CubeIDE/plugins/com.st.stm32cube.ide.mcu.externaltools.gnu-tools-for-stm32.11.3.rel1.win32_1.1.100.202309141235/tools/bin/../lib/gcc/arm-none-eabi/11.3.1/../../../../arm-none-eabi/lib/thumb/v7-m/nofp\libc_nano.a(libc_a-memset.o)
                0x0000000008009536                memset
 *fill*         0x0000000008009546        0x2 
 .text._localeconv_r
                0x0000000008009548        0x8 C:/ST/STM32CubeIDE_1.11.2/STM32CubeIDE/plugins/com.st.stm32cube.ide.mcu.externaltools.gnu-tools-for-stm32.11.3.rel1.win32_1.1.100.202309141235/tools/bin/../lib/gcc/arm-none-eabi/11.3.1/../../../../arm-none-eabi/lib/thumb/v7-m/nofp\libc_nano.a(libc_a-localeconv.o)
                0x0000000008009548                _localeconv_r
 .text._close_r
                0x0000000008009550       0x20 C:/ST/STM32CubeIDE_1.11.2/STM32CubeIDE/plugins/com.st.stm32cube.ide.mcu.externaltools.gnu-tools-for-stm32.11.3.rel1.win32_1.1.100.202309141235/tools/bin/../lib/gcc/arm-none-eabi/11.3.1/../../../../arm-none-eabi/lib/thumb/v7-m/nofp\libc_nano.a(libc_a-closer.o)
                0x0000000008009550                _close_r
 .text._reclaim_reent
                0x0000000008009570       0xac C:/ST/STM32CubeIDE_1.11.2/STM32CubeIDE/plugins/com.st.stm32cube.ide.mcu.externaltools.gnu-tools-for-stm32.11.3.rel1.win32_1.1.100.202309141235/tools/bin/../lib/gcc/arm-none-eabi/11.3.1/../../../../arm-none-eabi/lib/thumb/v7-m/nofp\libc_nano.a(libc_a-reent.o)
                0x0000000008009570                _reclaim_reent
 .text._lseek_r
                0x000000000800961c       0x24 C:/ST/STM32CubeIDE_1.11.2/STM32CubeIDE/plugins/com.st.stm32cube.ide.mcu.externaltools.gnu-tools-for-stm32.11.3.rel1.win32_1.1.100.202309141235/tools/bin/../lib/gcc/arm-none-eabi/11.3.1/../../../../arm-none-eabi/lib/thumb/v7-m/nofp\libc_nano.a(libc_a-lseekr.o)
                0x000000000800961c                _lseek_r
 .text._read_r  0x0000000008009640       0x24 C:/ST/STM32CubeIDE_1.11.2/STM32CubeIDE/plugins/com.st.stm32cube.ide.mcu.externaltools.gnu-tools-for-stm32.11.3.rel1.win32_1.1.100.202309141235/tools/bin/../lib/gcc/arm-none-eabi/11.3.1/../../../../arm-none-eabi/lib/thumb/v7-m/nofp\libc_nano.a(libc_a-readr.o)
                0x0000000008009640                _read_r
 .text._write_r
                0x0000000008009664       0x24 C:/ST/STM32CubeIDE_1.11.2/STM32CubeIDE/plugins/com.st.stm32cube.ide.mcu.externaltools.gnu-tools-for-stm32.11.3.rel1.win32_1.1.100.202309141235/tools/bin/../lib/gcc/arm-none-eabi/11.3.1/../../../../arm-none-eabi/lib/thumb/v7-m/nofp\libc_nano.a(libc_a-writer.o)
                0x0000000008009664                _write_r
 .text.__errno  0x0000000008009688        0xc C:/ST/STM32CubeIDE_1.11.2/STM32CubeIDE/plugins/com.st.stm32cube.ide.mcu.externaltools.gnu-tools-for-stm32.11.3.rel1.win32_1.1.100.202309141235/tools/bin/../lib/gcc/arm-none-eabi/11.3.1/../../../../arm-none-eabi/lib/thumb/v7-m/nofp\libc_nano.a(libc_a-errno.o)
                0x0000000008009688                __errno
 .text.__libc_init_array
                0x0000000008009694       0x48 C:/ST/STM32CubeIDE_1.11.2/STM32CubeIDE/plugins/com.st.stm32cube.ide.mcu.externaltools.gnu-tools-for-stm32.11.3.rel1.win32_1.1.100.202309141235/tools/bin/../lib/gcc/arm-none-eabi/11.3.1/../../../../arm-none-eabi/lib/thumb/v7-m/nofp\libc_nano.a(libc_a-init.o)
                0x0000000008009694                __libc_init_array
 .text.__retarget_lock_init_recursive
                0x00000000080096dc        0x2 C:/ST/STM32CubeIDE_1.11.2/STM32CubeIDE/plugins/com.st.stm32cube.ide.mcu.externaltools.gnu-tools-for-stm32.11.3.rel1.win32_1.1.100.202309141235/tools/bin/../lib/gcc/arm-none-eabi/11.3.1/../../../../arm-none-eabi/lib/thumb/v7-m/nofp\libc_nano.a(libc_a-lock.o)
                0x00000000080096dc                __retarget_lock_init_recursive
 .text.__retarget_lock_acquire_recursive
                0x00000000080096de        0x2 C:/ST/STM32CubeIDE_1.11.2/STM32CubeIDE/plugins/com.st.stm32cube.ide.mcu.externaltools.gnu-tools-for-stm32.11.3.rel1.win32_1.1.100.202309141235/tools/bin/../lib/gcc/arm-none-eabi/11.3.1/../../../../arm-none-eabi/lib/thumb/v7-m/nofp\libc_nano.a(libc_a-lock.o)
                0x00000000080096de                __retarget_lock_acquire_recursive
 .text.__retarget_lock_release_recursive
                0x00000000080096e0        0x2 C:/ST/STM32CubeIDE_1.11.2/STM32CubeIDE/plugins/com.st.stm32cube.ide.mcu.externaltools.gnu-tools-for-stm32.11.3.rel1.win32_1.1.100.202309141235/tools/bin/../lib/gcc/arm-none-eabi/11.3.1/../../../../arm-none-eabi/lib/thumb/v7-m/nofp\libc_nano.a(libc_a-lock.o)
                0x00000000080096e0                __retarget_lock_release_recursive
 .text.memchr   0x00000000080096e2       0x1c C:/ST/STM32CubeIDE_1.11.2/STM32CubeIDE/plugins/com.st.stm32cube.ide.mcu.externaltools.gnu-tools-for-stm32.11.3.rel1.win32_1.1.100.202309141235/tools/bin/../lib/gcc/arm-none-eabi/11.3.1/../../../../arm-none-eabi/lib/thumb/v7-m/nofp\libc_nano.a(libc_a-memchr-stub.o)
                0x00000000080096e2                memchr
 .text.memcpy   0x00000000080096fe       0x1c C:/ST/STM32CubeIDE_1.11.2/STM32CubeIDE/plugins/com.st.stm32cube.ide.mcu.externaltools.gnu-tools-for-stm32.11.3.rel1.win32_1.1.100.202309141235/tools/bin/../lib/gcc/arm-none-eabi/11.3.1/../../../../arm-none-eabi/lib/thumb/v7-m/nofp\libc_nano.a(libc_a-memcpy-stub.o)
                0x00000000080096fe                memcpy
 .text.quorem   0x000000000800971a      0x112 C:/ST/STM32CubeIDE_1.11.2/STM32CubeIDE/plugins/com.st.stm32cube.ide.mcu.externaltools.gnu-tools-for-stm32.11.3.rel1.win32_1.1.100.202309141235/tools/bin/../lib/gcc/arm-none-eabi/11.3.1/../../../../arm-none-eabi/lib/thumb/v7-m/nofp\libc_nano.a(libc_a-dtoa.o)
 *fill*         0x000000000800982c        0x4 
 .text._dtoa_r  0x0000000008009830      0xbc8 C:/ST/STM32CubeIDE_1.11.2/STM32CubeIDE/plugins/com.st.stm32cube.ide.mcu.externaltools.gnu-tools-for-stm32.11.3.rel1.win32_1.1.100.202309141235/tools/bin/../lib/gcc/arm-none-eabi/11.3.1/../../../../arm-none-eabi/lib/thumb/v7-m/nofp\libc_nano.a(libc_a-dtoa.o)
                0x0000000008009830                _dtoa_r
 .text._free_r  0x000000000800a3f8       0x90 C:/ST/STM32CubeIDE_1.11.2/STM32CubeIDE/plugins/com.st.stm32cube.ide.mcu.externaltools.gnu-tools-for-stm32.11.3.rel1.win32_1.1.100.202309141235/tools/bin/../lib/gcc/arm-none-eabi/11.3.1/../../../../arm-none-eabi/lib/thumb/v7-m/nofp\libc_nano.a(libc_a-freer.o)
                0x000000000800a3f8                _free_r
 .text.malloc   0x000000000800a488       0x10 C:/ST/STM32CubeIDE_1.11.2/STM32CubeIDE/plugins/com.st.stm32cube.ide.mcu.externaltools.gnu-tools-for-stm32.11.3.rel1.win32_1.1.100.202309141235/tools/bin/../lib/gcc/arm-none-eabi/11.3.1/../../../../arm-none-eabi/lib/thumb/v7-m/nofp\libc_nano.a(libc_a-malloc.o)
                0x000000000800a488                malloc
 .text.sbrk_aligned
                0x000000000800a498       0x40 C:/ST/STM32CubeIDE_1.11.2/STM32CubeIDE/plugins/com.st.stm32cube.ide.mcu.externaltools.gnu-tools-for-stm32.11.3.rel1.win32_1.1.100.202309141235/tools/bin/../lib/gcc/arm-none-eabi/11.3.1/../../../../arm-none-eabi/lib/thumb/v7-m/nofp\libc_nano.a(libc_a-mallocr.o)
 .text._malloc_r
                0x000000000800a4d8      0x100 C:/ST/STM32CubeIDE_1.11.2/STM32CubeIDE/plugins/com.st.stm32cube.ide.mcu.externaltools.gnu-tools-for-stm32.11.3.rel1.win32_1.1.100.202309141235/tools/bin/../lib/gcc/arm-none-eabi/11.3.1/../../../../arm-none-eabi/lib/thumb/v7-m/nofp\libc_nano.a(libc_a-mallocr.o)
                0x000000000800a4d8                _malloc_r
 .text.__malloc_lock
                0x000000000800a5d8        0xc C:/ST/STM32CubeIDE_1.11.2/STM32CubeIDE/plugins/com.st.stm32cube.ide.mcu.externaltools.gnu-tools-for-stm32.11.3.rel1.win32_1.1.100.202309141235/tools/bin/../lib/gcc/arm-none-eabi/11.3.1/../../../../arm-none-eabi/lib/thumb/v7-m/nofp\libc_nano.a(libc_a-mlock.o)
                0x000000000800a5d8                __malloc_lock
 .text.__malloc_unlock
                0x000000000800a5e4        0xc C:/ST/STM32CubeIDE_1.11.2/STM32CubeIDE/plugins/com.st.stm32cube.ide.mcu.externaltools.gnu-tools-for-stm32.11.3.rel1.win32_1.1.100.202309141235/tools/bin/../lib/gcc/arm-none-eabi/11.3.1/../../../../arm-none-eabi/lib/thumb/v7-m/nofp\libc_nano.a(libc_a-mlock.o)
                0x000000000800a5e4                __malloc_unlock
 .text._Balloc  0x000000000800a5f0       0x80 C:/ST/STM32CubeIDE_1.11.2/STM32CubeIDE/plugins/com.st.stm32cube.ide.mcu.externaltools.gnu-tools-for-stm32.11.3.rel1.win32_1.1.100.202309141235/tools/bin/../lib/gcc/arm-none-eabi/11.3.1/../../../../arm-none-eabi/lib/thumb/v7-m/nofp\libc_nano.a(libc_a-mprec.o)
                0x000000000800a5f0                _Balloc
 .text._Bfree   0x000000000800a670       0x44 C:/ST/STM32CubeIDE_1.11.2/STM32CubeIDE/plugins/com.st.stm32cube.ide.mcu.externaltools.gnu-tools-for-stm32.11.3.rel1.win32_1.1.100.202309141235/tools/bin/../lib/gcc/arm-none-eabi/11.3.1/../../../../arm-none-eabi/lib/thumb/v7-m/nofp\libc_nano.a(libc_a-mprec.o)
                0x000000000800a670                _Bfree
 .text.__multadd
                0x000000000800a6b4       0x8c C:/ST/STM32CubeIDE_1.11.2/STM32CubeIDE/plugins/com.st.stm32cube.ide.mcu.externaltools.gnu-tools-for-stm32.11.3.rel1.win32_1.1.100.202309141235/tools/bin/../lib/gcc/arm-none-eabi/11.3.1/../../../../arm-none-eabi/lib/thumb/v7-m/nofp\libc_nano.a(libc_a-mprec.o)
                0x000000000800a6b4                __multadd
 .text.__hi0bits
                0x000000000800a740       0x40 C:/ST/STM32CubeIDE_1.11.2/STM32CubeIDE/plugins/com.st.stm32cube.ide.mcu.externaltools.gnu-tools-for-stm32.11.3.rel1.win32_1.1.100.202309141235/tools/bin/../lib/gcc/arm-none-eabi/11.3.1/../../../../arm-none-eabi/lib/thumb/v7-m/nofp\libc_nano.a(libc_a-mprec.o)
                0x000000000800a740                __hi0bits
 .text.__lo0bits
                0x000000000800a780       0x5a C:/ST/STM32CubeIDE_1.11.2/STM32CubeIDE/plugins/com.st.stm32cube.ide.mcu.externaltools.gnu-tools-for-stm32.11.3.rel1.win32_1.1.100.202309141235/tools/bin/../lib/gcc/arm-none-eabi/11.3.1/../../../../arm-none-eabi/lib/thumb/v7-m/nofp\libc_nano.a(libc_a-mprec.o)
                0x000000000800a780                __lo0bits
 *fill*         0x000000000800a7da        0x2 
 .text.__i2b    0x000000000800a7dc       0x2c C:/ST/STM32CubeIDE_1.11.2/STM32CubeIDE/plugins/com.st.stm32cube.ide.mcu.externaltools.gnu-tools-for-stm32.11.3.rel1.win32_1.1.100.202309141235/tools/bin/../lib/gcc/arm-none-eabi/11.3.1/../../../../arm-none-eabi/lib/thumb/v7-m/nofp\libc_nano.a(libc_a-mprec.o)
                0x000000000800a7dc                __i2b
 .text.__multiply
                0x000000000800a808      0x150 C:/ST/STM32CubeIDE_1.11.2/STM32CubeIDE/plugins/com.st.stm32cube.ide.mcu.externaltools.gnu-tools-for-stm32.11.3.rel1.win32_1.1.100.202309141235/tools/bin/../lib/gcc/arm-none-eabi/11.3.1/../../../../arm-none-eabi/lib/thumb/v7-m/nofp\libc_nano.a(libc_a-mprec.o)
                0x000000000800a808                __multiply
 .text.__pow5mult
                0x000000000800a958       0xb4 C:/ST/STM32CubeIDE_1.11.2/STM32CubeIDE/plugins/com.st.stm32cube.ide.mcu.externaltools.gnu-tools-for-stm32.11.3.rel1.win32_1.1.100.202309141235/tools/bin/../lib/gcc/arm-none-eabi/11.3.1/../../../../arm-none-eabi/lib/thumb/v7-m/nofp\libc_nano.a(libc_a-mprec.o)
                0x000000000800a958                __pow5mult
 .text.__lshift
                0x000000000800aa0c       0xd8 C:/ST/STM32CubeIDE_1.11.2/STM32CubeIDE/plugins/com.st.stm32cube.ide.mcu.externaltools.gnu-tools-for-stm32.11.3.rel1.win32_1.1.100.202309141235/tools/bin/../lib/gcc/arm-none-eabi/11.3.1/../../../../arm-none-eabi/lib/thumb/v7-m/nofp\libc_nano.a(libc_a-mprec.o)
                0x000000000800aa0c                __lshift
 .text.__mcmp   0x000000000800aae4       0x36 C:/ST/STM32CubeIDE_1.11.2/STM32CubeIDE/plugins/com.st.stm32cube.ide.mcu.externaltools.gnu-tools-for-stm32.11.3.rel1.win32_1.1.100.202309141235/tools/bin/../lib/gcc/arm-none-eabi/11.3.1/../../../../arm-none-eabi/lib/thumb/v7-m/nofp\libc_nano.a(libc_a-mprec.o)
                0x000000000800aae4                __mcmp
 *fill*         0x000000000800ab1a        0x2 
 .text.__mdiff  0x000000000800ab1c      0x118 C:/ST/STM32CubeIDE_1.11.2/STM32CubeIDE/plugins/com.st.stm32cube.ide.mcu.externaltools.gnu-tools-for-stm32.11.3.rel1.win32_1.1.100.202309141235/tools/bin/../lib/gcc/arm-none-eabi/11.3.1/../../../../arm-none-eabi/lib/thumb/v7-m/nofp\libc_nano.a(libc_a-mprec.o)
                0x000000000800ab1c                __mdiff
 .text.__d2b    0x000000000800ac34       0xac C:/ST/STM32CubeIDE_1.11.2/STM32CubeIDE/plugins/com.st.stm32cube.ide.mcu.externaltools.gnu-tools-for-stm32.11.3.rel1.win32_1.1.100.202309141235/tools/bin/../lib/gcc/arm-none-eabi/11.3.1/../../../../arm-none-eabi/lib/thumb/v7-m/nofp\libc_nano.a(libc_a-mprec.o)
                0x000000000800ac34                __d2b
 .text.__ssputs_r
                0x000000000800ace0       0xb4 C:/ST/STM32CubeIDE_1.11.2/STM32CubeIDE/plugins/com.st.stm32cube.ide.mcu.externaltools.gnu-tools-for-stm32.11.3.rel1.win32_1.1.100.202309141235/tools/bin/../lib/gcc/arm-none-eabi/11.3.1/../../../../arm-none-eabi/lib/thumb/v7-m/nofp\libc_nano.a(libc_a-nano-svfprintf.o)
                0x000000000800ace0                __ssputs_r
 .text._svfprintf_r
                0x000000000800ad94      0x1fc C:/ST/STM32CubeIDE_1.11.2/STM32CubeIDE/plugins/com.st.stm32cube.ide.mcu.externaltools.gnu-tools-for-stm32.11.3.rel1.win32_1.1.100.202309141235/tools/bin/../lib/gcc/arm-none-eabi/11.3.1/../../../../arm-none-eabi/lib/thumb/v7-m/nofp\libc_nano.a(libc_a-nano-svfprintf.o)
                0x000000000800ad94                _svfiprintf_r
                0x000000000800ad94                _svfprintf_r
 .text.__sflush_r
                0x000000000800af90      0x104 C:/ST/STM32CubeIDE_1.11.2/STM32CubeIDE/plugins/com.st.stm32cube.ide.mcu.externaltools.gnu-tools-for-stm32.11.3.rel1.win32_1.1.100.202309141235/tools/bin/../lib/gcc/arm-none-eabi/11.3.1/../../../../arm-none-eabi/lib/thumb/v7-m/nofp\libc_nano.a(libc_a-fflush.o)
                0x000000000800af90                __sflush_r
 .text._fflush_r
                0x000000000800b094       0x50 C:/ST/STM32CubeIDE_1.11.2/STM32CubeIDE/plugins/com.st.stm32cube.ide.mcu.externaltools.gnu-tools-for-stm32.11.3.rel1.win32_1.1.100.202309141235/tools/bin/../lib/gcc/arm-none-eabi/11.3.1/../../../../arm-none-eabi/lib/thumb/v7-m/nofp\libc_nano.a(libc_a-fflush.o)
                0x000000000800b094                _fflush_r
 .text.memmove  0x000000000800b0e4       0x34 C:/ST/STM32CubeIDE_1.11.2/STM32CubeIDE/plugins/com.st.stm32cube.ide.mcu.externaltools.gnu-tools-for-stm32.11.3.rel1.win32_1.1.100.202309141235/tools/bin/../lib/gcc/arm-none-eabi/11.3.1/../../../../arm-none-eabi/lib/thumb/v7-m/nofp\libc_nano.a(libc_a-memmove.o)
                0x000000000800b0e4                memmove
 .text._sbrk_r  0x000000000800b118       0x20 C:/ST/STM32CubeIDE_1.11.2/STM32CubeIDE/plugins/com.st.stm32cube.ide.mcu.externaltools.gnu-tools-for-stm32.11.3.rel1.win32_1.1.100.202309141235/tools/bin/../lib/gcc/arm-none-eabi/11.3.1/../../../../arm-none-eabi/lib/thumb/v7-m/nofp\libc_nano.a(libc_a-sbrkr.o)
                0x000000000800b118                _sbrk_r
 .text.__assert_func
                0x000000000800b138       0x3c C:/ST/STM32CubeIDE_1.11.2/STM32CubeIDE/plugins/com.st.stm32cube.ide.mcu.externaltools.gnu-tools-for-stm32.11.3.rel1.win32_1.1.100.202309141235/tools/bin/../lib/gcc/arm-none-eabi/11.3.1/../../../../arm-none-eabi/lib/thumb/v7-m/nofp\libc_nano.a(libc_a-assert.o)
                0x000000000800b138                __assert_func
 .text._calloc_r
                0x000000000800b174       0x28 C:/ST/STM32CubeIDE_1.11.2/STM32CubeIDE/plugins/com.st.stm32cube.ide.mcu.externaltools.gnu-tools-for-stm32.11.3.rel1.win32_1.1.100.202309141235/tools/bin/../lib/gcc/arm-none-eabi/11.3.1/../../../../arm-none-eabi/lib/thumb/v7-m/nofp\libc_nano.a(libc_a-callocr.o)
                0x000000000800b174                _calloc_r
 .text.__ascii_mbtowc
                0x000000000800b19c       0x24 C:/ST/STM32CubeIDE_1.11.2/STM32CubeIDE/plugins/com.st.stm32cube.ide.mcu.externaltools.gnu-tools-for-stm32.11.3.rel1.win32_1.1.100.202309141235/tools/bin/../lib/gcc/arm-none-eabi/11.3.1/../../../../arm-none-eabi/lib/thumb/v7-m/nofp\libc_nano.a(libc_a-mbtowc_r.o)
                0x000000000800b19c                __ascii_mbtowc
 .text._realloc_r
                0x000000000800b1c0       0x5e C:/ST/STM32CubeIDE_1.11.2/STM32CubeIDE/plugins/com.st.stm32cube.ide.mcu.externaltools.gnu-tools-for-stm32.11.3.rel1.win32_1.1.100.202309141235/tools/bin/../lib/gcc/arm-none-eabi/11.3.1/../../../../arm-none-eabi/lib/thumb/v7-m/nofp\libc_nano.a(libc_a-reallocr.o)
                0x000000000800b1c0                _realloc_r
 .text.__ascii_wctomb
                0x000000000800b21e       0x1a C:/ST/STM32CubeIDE_1.11.2/STM32CubeIDE/plugins/com.st.stm32cube.ide.mcu.externaltools.gnu-tools-for-stm32.11.3.rel1.win32_1.1.100.202309141235/tools/bin/../lib/gcc/arm-none-eabi/11.3.1/../../../../arm-none-eabi/lib/thumb/v7-m/nofp\libc_nano.a(libc_a-wctomb_r.o)
                0x000000000800b21e                __ascii_wctomb
 .text.fprintf  0x000000000800b238       0x24 C:/ST/STM32CubeIDE_1.11.2/STM32CubeIDE/plugins/com.st.stm32cube.ide.mcu.externaltools.gnu-tools-for-stm32.11.3.rel1.win32_1.1.100.202309141235/tools/bin/../lib/gcc/arm-none-eabi/11.3.1/../../../../arm-none-eabi/lib/thumb/v7-m/nofp\libc_nano.a(libc_a-fprintf.o)
                0x000000000800b238                fiprintf
                0x000000000800b238                fprintf
 .text.abort    0x000000000800b25c        0xe C:/ST/STM32CubeIDE_1.11.2/STM32CubeIDE/plugins/com.st.stm32cube.ide.mcu.externaltools.gnu-tools-for-stm32.11.3.rel1.win32_1.1.100.202309141235/tools/bin/../lib/gcc/arm-none-eabi/11.3.1/../../../../arm-none-eabi/lib/thumb/v7-m/nofp\libc_nano.a(libc_a-abort.o)
                0x000000000800b25c                abort
 .text._malloc_usable_size_r
                0x000000000800b26a       0x10 C:/ST/STM32CubeIDE_1.11.2/STM32CubeIDE/plugins/com.st.stm32cube.ide.mcu.externaltools.gnu-tools-for-stm32.11.3.rel1.win32_1.1.100.202309141235/tools/bin/../lib/gcc/arm-none-eabi/11.3.1/../../../../arm-none-eabi/lib/thumb/v7-m/nofp\libc_nano.a(libc_a-msizer.o)
                0x000000000800b26a                _malloc_usable_size_r
 .text.__sfputc_r
                0x000000000800b27a       0x2a C:/ST/STM32CubeIDE_1.11.2/STM32CubeIDE/plugins/com.st.stm32cube.ide.mcu.externaltools.gnu-tools-for-stm32.11.3.rel1.win32_1.1.100.202309141235/tools/bin/../lib/gcc/arm-none-eabi/11.3.1/../../../../arm-none-eabi/lib/thumb/v7-m/nofp\libc_nano.a(libc_a-nano-vfprintf.o)
 .text.__sfputs_r
                0x000000000800b2a4       0x24 C:/ST/STM32CubeIDE_1.11.2/STM32CubeIDE/plugins/com.st.stm32cube.ide.mcu.externaltools.gnu-tools-for-stm32.11.3.rel1.win32_1.1.100.202309141235/tools/bin/../lib/gcc/arm-none-eabi/11.3.1/../../../../arm-none-eabi/lib/thumb/v7-m/nofp\libc_nano.a(libc_a-nano-vfprintf.o)
                0x000000000800b2a4                __sfputs_r
 .text._vfprintf_r
                0x000000000800b2c8      0x234 C:/ST/STM32CubeIDE_1.11.2/STM32CubeIDE/plugins/com.st.stm32cube.ide.mcu.externaltools.gnu-tools-for-stm32.11.3.rel1.win32_1.1.100.202309141235/tools/bin/../lib/gcc/arm-none-eabi/11.3.1/../../../../arm-none-eabi/lib/thumb/v7-m/nofp\libc_nano.a(libc_a-nano-vfprintf.o)
                0x000000000800b2c8                _vfprintf_r
                0x000000000800b2c8                _vfiprintf_r
 .text.__swbuf_r
                0x000000000800b4fc       0x7a C:/ST/STM32CubeIDE_1.11.2/STM32CubeIDE/plugins/com.st.stm32cube.ide.mcu.externaltools.gnu-tools-for-stm32.11.3.rel1.win32_1.1.100.202309141235/tools/bin/../lib/gcc/arm-none-eabi/11.3.1/../../../../arm-none-eabi/lib/thumb/v7-m/nofp\libc_nano.a(libc_a-wbuf.o)
                0x000000000800b4fc                __swbuf_r
 *fill*         0x000000000800b576        0x2 
 .text.__swsetup_r
                0x000000000800b578       0xb0 C:/ST/STM32CubeIDE_1.11.2/STM32CubeIDE/plugins/com.st.stm32cube.ide.mcu.externaltools.gnu-tools-for-stm32.11.3.rel1.win32_1.1.100.202309141235/tools/bin/../lib/gcc/arm-none-eabi/11.3.1/../../../../arm-none-eabi/lib/thumb/v7-m/nofp\libc_nano.a(libc_a-wsetup.o)
                0x000000000800b578                __swsetup_r
 .text._raise_r
                0x000000000800b628       0x50 C:/ST/STM32CubeIDE_1.11.2/STM32CubeIDE/plugins/com.st.stm32cube.ide.mcu.externaltools.gnu-tools-for-stm32.11.3.rel1.win32_1.1.100.202309141235/tools/bin/../lib/gcc/arm-none-eabi/11.3.1/../../../../arm-none-eabi/lib/thumb/v7-m/nofp\libc_nano.a(libc_a-signal.o)
                0x000000000800b628                _raise_r
 .text.raise    0x000000000800b678       0x10 C:/ST/STM32CubeIDE_1.11.2/STM32CubeIDE/plugins/com.st.stm32cube.ide.mcu.externaltools.gnu-tools-for-stm32.11.3.rel1.win32_1.1.100.202309141235/tools/bin/../lib/gcc/arm-none-eabi/11.3.1/../../../../arm-none-eabi/lib/thumb/v7-m/nofp\libc_nano.a(libc_a-signal.o)
                0x000000000800b678                raise
 .text._kill_r  0x000000000800b688       0x24 C:/ST/STM32CubeIDE_1.11.2/STM32CubeIDE/plugins/com.st.stm32cube.ide.mcu.externaltools.gnu-tools-for-stm32.11.3.rel1.win32_1.1.100.202309141235/tools/bin/../lib/gcc/arm-none-eabi/11.3.1/../../../../arm-none-eabi/lib/thumb/v7-m/nofp\libc_nano.a(libc_a-signalr.o)
                0x000000000800b688                _kill_r
 .text._getpid_r
                0x000000000800b6ac        0x4 C:/ST/STM32CubeIDE_1.11.2/STM32CubeIDE/plugins/com.st.stm32cube.ide.mcu.externaltools.gnu-tools-for-stm32.11.3.rel1.win32_1.1.100.202309141235/tools/bin/../lib/gcc/arm-none-eabi/11.3.1/../../../../arm-none-eabi/lib/thumb/v7-m/nofp\libc_nano.a(libc_a-signalr.o)
                0x000000000800b6ac                _getpid_r
 .text.__swhatbuf_r
                0x000000000800b6b0       0x4a C:/ST/STM32CubeIDE_1.11.2/STM32CubeIDE/plugins/com.st.stm32cube.ide.mcu.externaltools.gnu-tools-for-stm32.11.3.rel1.win32_1.1.100.202309141235/tools/bin/../lib/gcc/arm-none-eabi/11.3.1/../../../../arm-none-eabi/lib/thumb/v7-m/nofp\libc_nano.a(libc_a-makebuf.o)
                0x000000000800b6b0                __swhatbuf_r
 .text.__smakebuf_r
                0x000000000800b6fa       0x78 C:/ST/STM32CubeIDE_1.11.2/STM32CubeIDE/plugins/com.st.stm32cube.ide.mcu.externaltools.gnu-tools-for-stm32.11.3.rel1.win32_1.1.100.202309141235/tools/bin/../lib/gcc/arm-none-eabi/11.3.1/../../../../arm-none-eabi/lib/thumb/v7-m/nofp\libc_nano.a(libc_a-makebuf.o)
                0x000000000800b6fa                __smakebuf_r
 *fill*         0x000000000800b772        0x2 
 .text._fstat_r
                0x000000000800b774       0x24 C:/ST/STM32CubeIDE_1.11.2/STM32CubeIDE/plugins/com.st.stm32cube.ide.mcu.externaltools.gnu-tools-for-stm32.11.3.rel1.win32_1.1.100.202309141235/tools/bin/../lib/gcc/arm-none-eabi/11.3.1/../../../../arm-none-eabi/lib/thumb/v7-m/nofp\libc_nano.a(libc_a-fstatr.o)
                0x000000000800b774                _fstat_r
 .text._isatty_r
                0x000000000800b798       0x20 C:/ST/STM32CubeIDE_1.11.2/STM32CubeIDE/plugins/com.st.stm32cube.ide.mcu.externaltools.gnu-tools-for-stm32.11.3.rel1.win32_1.1.100.202309141235/tools/bin/../lib/gcc/arm-none-eabi/11.3.1/../../../../arm-none-eabi/lib/thumb/v7-m/nofp\libc_nano.a(libc_a-isattyr.o)
                0x000000000800b798                _isatty_r
 *(.glue_7)
 .glue_7        0x000000000800b7b8        0x0 linker stubs
 *(.glue_7t)
 .glue_7t       0x000000000800b7b8        0x0 linker stubs
 *(.eh_frame)
 .eh_frame      0x000000000800b7b8        0x0 C:/ST/STM32CubeIDE_1.11.2/STM32CubeIDE/plugins/com.st.stm32cube.ide.mcu.externaltools.gnu-tools-for-stm32.11.3.rel1.win32_1.1.100.202309141235/tools/bin/../lib/gcc/arm-none-eabi/11.3.1/thumb/v7-m/nofp/crtbegin.o
 *(.init)
 .init          0x000000000800b7b8        0x4 C:/ST/STM32CubeIDE_1.11.2/STM32CubeIDE/plugins/com.st.stm32cube.ide.mcu.externaltools.gnu-tools-for-stm32.11.3.rel1.win32_1.1.100.202309141235/tools/bin/../lib/gcc/arm-none-eabi/11.3.1/thumb/v7-m/nofp/crti.o
                0x000000000800b7b8                _init
 .init          0x000000000800b7bc        0x8 C:/ST/STM32CubeIDE_1.11.2/STM32CubeIDE/plugins/com.st.stm32cube.ide.mcu.externaltools.gnu-tools-for-stm32.11.3.rel1.win32_1.1.100.202309141235/tools/bin/../lib/gcc/arm-none-eabi/11.3.1/thumb/v7-m/nofp/crtn.o
 *(.fini)
 .fini          0x000000000800b7c4        0x4 C:/ST/STM32CubeIDE_1.11.2/STM32CubeIDE/plugins/com.st.stm32cube.ide.mcu.externaltools.gnu-tools-for-stm32.11.3.rel1.win32_1.1.100.202309141235/tools/bin/../lib/gcc/arm-none-eabi/11.3.1/thumb/v7-m/nofp/crti.o
                0x000000000800b7c4                _fini
 .fini          0x000000000800b7c8        0x8 C:/ST/STM32CubeIDE_1.11.2/STM32CubeIDE/plugins/com.st.stm32cube.ide.mcu.externaltools.gnu-tools-for-stm32.11.3.rel1.win32_1.1.100.202309141235/tools/bin/../lib/gcc/arm-none-eabi/11.3.1/thumb/v7-m/nofp/crtn.o
                0x000000000800b7d0                . = ALIGN (0x4)
                0x000000000800b7d0                _etext = .

.vfp11_veneer   0x000000000800b7d0        0x0
 .vfp11_veneer  0x000000000800b7d0        0x0 linker stubs

.v4_bx          0x000000000800b7d0        0x0
 .v4_bx         0x000000000800b7d0        0x0 linker stubs

.iplt           0x000000000800b7d0        0x0
 .iplt          0x000000000800b7d0        0x0 C:/ST/STM32CubeIDE_1.11.2/STM32CubeIDE/plugins/com.st.stm32cube.ide.mcu.externaltools.gnu-tools-for-stm32.11.3.rel1.win32_1.1.100.202309141235/tools/bin/../lib/gcc/arm-none-eabi/11.3.1/thumb/v7-m/nofp/crtbegin.o

.rodata         0x000000000800b7d0      0x664
                0x000000000800b7d0                . = ALIGN (0x4)
 *(.rodata)
 .rodata        0x000000000800b7d0      0x248 ./Core/Src/RoboArm.o
 .rodata        0x000000000800ba18       0x78 ./Core/Src/main.o
 .rodata        0x000000000800ba90        0x5 ./Middlewares/Third_Party/FreeRTOS/Source/tasks.o
 *(.rodata*)
 *fill*         0x000000000800ba95        0x3 
 .rodata.AHBPrescTable
                0x000000000800ba98       0x10 ./Core/Src/system_stm32f1xx.o
                0x000000000800ba98                AHBPrescTable
 .rodata.APBPrescTable
                0x000000000800baa8        0x8 ./Core/Src/system_stm32f1xx.o
                0x000000000800baa8                APBPrescTable
 .rodata.aPLLMULFactorTable.1
                0x000000000800bab0       0x10 ./Drivers/STM32F1xx_HAL_Driver/Src/stm32f1xx_hal_rcc.o
 .rodata.aPredivFactorTable.0
                0x000000000800bac0        0x2 ./Drivers/STM32F1xx_HAL_Driver/Src/stm32f1xx_hal_rcc.o
 .rodata._printf_float.str1.1
                0x000000000800bac2       0x12 C:/ST/STM32CubeIDE_1.11.2/STM32CubeIDE/plugins/com.st.stm32cube.ide.mcu.externaltools.gnu-tools-for-stm32.11.3.rel1.win32_1.1.100.202309141235/tools/bin/../lib/gcc/arm-none-eabi/11.3.1/../../../../arm-none-eabi/lib/thumb/v7-m/nofp\libc_nano.a(libc_a-nano-vfprintf_float.o)
 .rodata._printf_i.str1.1
                0x000000000800bad4       0x22 C:/ST/STM32CubeIDE_1.11.2/STM32CubeIDE/plugins/com.st.stm32cube.ide.mcu.externaltools.gnu-tools-for-stm32.11.3.rel1.win32_1.1.100.202309141235/tools/bin/../lib/gcc/arm-none-eabi/11.3.1/../../../../arm-none-eabi/lib/thumb/v7-m/nofp\libc_nano.a(libc_a-nano-vfprintf_i.o)
 .rodata._dtoa_r.str1.1
                0x000000000800baf6       0x8d C:/ST/STM32CubeIDE_1.11.2/STM32CubeIDE/plugins/com.st.stm32cube.ide.mcu.externaltools.gnu-tools-for-stm32.11.3.rel1.win32_1.1.100.202309141235/tools/bin/../lib/gcc/arm-none-eabi/11.3.1/../../../../arm-none-eabi/lib/thumb/v7-m/nofp\libc_nano.a(libc_a-dtoa.o)
                                         0x8f (size before relaxing)
 .rodata._Balloc.str1.1
                0x000000000800bb83       0x59 C:/ST/STM32CubeIDE_1.11.2/STM32CubeIDE/plugins/com.st.stm32cube.ide.mcu.externaltools.gnu-tools-for-stm32.11.3.rel1.win32_1.1.100.202309141235/tools/bin/../lib/gcc/arm-none-eabi/11.3.1/../../../../arm-none-eabi/lib/thumb/v7-m/nofp\libc_nano.a(libc_a-mprec.o)
                                         0x70 (size before relaxing)
 .rodata.__multadd.str1.1
                0x000000000800bbdc       0x11 C:/ST/STM32CubeIDE_1.11.2/STM32CubeIDE/plugins/com.st.stm32cube.ide.mcu.externaltools.gnu-tools-for-stm32.11.3.rel1.win32_1.1.100.202309141235/tools/bin/../lib/gcc/arm-none-eabi/11.3.1/../../../../arm-none-eabi/lib/thumb/v7-m/nofp\libc_nano.a(libc_a-mprec.o)
 *fill*         0x000000000800bbdc        0x4 
 .rodata.__mprec_bigtens
                0x000000000800bbe0       0x28 C:/ST/STM32CubeIDE_1.11.2/STM32CubeIDE/plugins/com.st.stm32cube.ide.mcu.externaltools.gnu-tools-for-stm32.11.3.rel1.win32_1.1.100.202309141235/tools/bin/../lib/gcc/arm-none-eabi/11.3.1/../../../../arm-none-eabi/lib/thumb/v7-m/nofp\libc_nano.a(libc_a-mprec.o)
                0x000000000800bbe0                __mprec_bigtens
 .rodata.__mprec_tens
                0x000000000800bc08       0xc8 C:/ST/STM32CubeIDE_1.11.2/STM32CubeIDE/plugins/com.st.stm32cube.ide.mcu.externaltools.gnu-tools-for-stm32.11.3.rel1.win32_1.1.100.202309141235/tools/bin/../lib/gcc/arm-none-eabi/11.3.1/../../../../arm-none-eabi/lib/thumb/v7-m/nofp\libc_nano.a(libc_a-mprec.o)
                0x000000000800bc08                __mprec_tens
 .rodata.p05.0  0x000000000800bcd0        0xc C:/ST/STM32CubeIDE_1.11.2/STM32CubeIDE/plugins/com.st.stm32cube.ide.mcu.externaltools.gnu-tools-for-stm32.11.3.rel1.win32_1.1.100.202309141235/tools/bin/../lib/gcc/arm-none-eabi/11.3.1/../../../../arm-none-eabi/lib/thumb/v7-m/nofp\libc_nano.a(libc_a-mprec.o)
 .rodata._svfprintf_r.str1.1
                0x000000000800bcdc       0x11 C:/ST/STM32CubeIDE_1.11.2/STM32CubeIDE/plugins/com.st.stm32cube.ide.mcu.externaltools.gnu-tools-for-stm32.11.3.rel1.win32_1.1.100.202309141235/tools/bin/../lib/gcc/arm-none-eabi/11.3.1/../../../../arm-none-eabi/lib/thumb/v7-m/nofp\libc_nano.a(libc_a-nano-svfprintf.o)
 .rodata._setlocale_r.str1.1