../Core/Src/main.cpp:130:5:int main()	160	static
../Core/Src/main.cpp:232:6:void SystemClock_Config()	72	static
../Core/Src/main.cpp:276:13:void MX_SPI1_Init()	8	static
../Core/Src/main.cpp:314:13:void MX_TIM1_Init()	80	static
../Core/Src/main.cpp:379:13:void MX_TIM2_Init()	48	static
../Core/Src/main.cpp:428:13:void MX_TIM3_Init()	48	static
../Core/Src/main.cpp:477:13:void MX_USART1_UART_Init()	8	static
../Core/Src/main.cpp:510:13:void MX_USART2_UART_Init()	8	static
../Core/Src/main.cpp:543:13:void MX_GPIO_Init()	40	static
../Core/Src/main.cpp:606:6:void HAL_UART_RxCpltCallback(UART_HandleTypeDef*)	16	static
../Core/Src/main.cpp:642:6:void StartDefaultTask(const void*)	16	static
../Core/Src/main.cpp:681:6:void StartAMT22Data(const void*)	16	static
../Core/Src/main.cpp:722:6:void StartUARTData(const void*)	48	static
../Core/Src/main.cpp:821:6:void HAL_TIM_PeriodElapsedCallback(TIM_HandleTypeDef*)	16	static
../Core/Src/main.cpp:863:6:void Error_Handler()	4	static,ignoring_inline_asm
../Core/Src/main.cpp:871:1:void __static_initialization_and_destruction_0(int, int)	16	static
../Core/Src/main.cpp:871:1:cpp)	8	static
