/opt/st/stm32cubeide_1.13.2/plugins/com.st.stm32cube.ide.mcu.externaltools.gnu-tools-for-stm32.11.3.rel1.linux64_1.1.1.202309131626/tools/arm-none-eabi/include/c++/11.3.1/cmath:165:3:constexpr float std::ceil(float)	16	static
../Core/Src/main.cpp:123:5:int steppingyakkazavmaxim(float, float)	48	static
../Core/Src/main.cpp:192:5:int main()	136	static
../Core/Src/main.cpp:291:6:void SystemClock_Config()	72	static
../Core/Src/main.cpp:332:13:void MX_SPI1_Init()	8	static
../Core/Src/main.cpp:368:13:void MX_TIM1_Init()	80	static
../Core/Src/main.cpp:431:13:void MX_TIM2_Init()	48	static
../Core/Src/main.cpp:478:13:void MX_USART1_UART_Init()	8	static
../Core/Src/main.cpp:541:13:void MX_GPIO_Init()	40	static
../Core/Src/main.cpp:588:6:void HAL_UART_RxCpltCallback(UART_HandleTypeDef*)	16	static
../Core/Src/main.cpp:687:6:void StartDefaultTask(const void*)	24	static
../Core/Src/main.cpp:727:6:void StartAMT22Data(const void*)	16	static
../Core/Src/main.cpp:745:6:void StartUARTData(const void*)	152	static
../Core/Src/main.cpp:859:6:void HAL_TIM_PeriodElapsedCallback(TIM_HandleTypeDef*)	16	static
../Core/Src/main.cpp:915:6:void Error_Handler()	4	static,ignoring_inline_asm
../Core/Src/main.cpp:922:1:void __static_initialization_and_destruction_0(int, int)	16	static
../Core/Src/main.cpp:922:1:cpp)	8	static
